Archive member included to satisfy reference by file (symbol)

c:/st/stm32cubeide_1.12.0/stm32cubeide/plugins/com.st.stm32cube.ide.mcu.externaltools.gnu-tools-for-stm32.10.3-2021.10.win32_1.0.200.202301161003/tools/bin/../lib/gcc/arm-none-eabi/10.3.1/../../../../arm-none-eabi/lib/thumb/v7e-m+fp/hard\libc_nano.a(lib_a-errno.o)
                              ./Core/Src/syscalls.o (__errno)
c:/st/stm32cubeide_1.12.0/stm32cubeide/plugins/com.st.stm32cube.ide.mcu.externaltools.gnu-tools-for-stm32.10.3-2021.10.win32_1.0.200.202301161003/tools/bin/../lib/gcc/arm-none-eabi/10.3.1/../../../../arm-none-eabi/lib/thumb/v7e-m+fp/hard\libc_nano.a(lib_a-exit.o)
                              c:/st/stm32cubeide_1.12.0/stm32cubeide/plugins/com.st.stm32cube.ide.mcu.externaltools.gnu-tools-for-stm32.10.3-2021.10.win32_1.0.200.202301161003/tools/bin/../lib/gcc/arm-none-eabi/10.3.1/../../../../arm-none-eabi/lib/thumb/v7e-m+fp/hard/crt0.o (exit)
c:/st/stm32cubeide_1.12.0/stm32cubeide/plugins/com.st.stm32cube.ide.mcu.externaltools.gnu-tools-for-stm32.10.3-2021.10.win32_1.0.200.202301161003/tools/bin/../lib/gcc/arm-none-eabi/10.3.1/../../../../arm-none-eabi/lib/thumb/v7e-m+fp/hard\libc_nano.a(lib_a-impure.o)
                              c:/st/stm32cubeide_1.12.0/stm32cubeide/plugins/com.st.stm32cube.ide.mcu.externaltools.gnu-tools-for-stm32.10.3-2021.10.win32_1.0.200.202301161003/tools/bin/../lib/gcc/arm-none-eabi/10.3.1/../../../../arm-none-eabi/lib/thumb/v7e-m+fp/hard\libc_nano.a(lib_a-exit.o) (_global_impure_ptr)
c:/st/stm32cubeide_1.12.0/stm32cubeide/plugins/com.st.stm32cube.ide.mcu.externaltools.gnu-tools-for-stm32.10.3-2021.10.win32_1.0.200.202301161003/tools/bin/../lib/gcc/arm-none-eabi/10.3.1/../../../../arm-none-eabi/lib/thumb/v7e-m+fp/hard\libc_nano.a(lib_a-init.o)
                              c:/st/stm32cubeide_1.12.0/stm32cubeide/plugins/com.st.stm32cube.ide.mcu.externaltools.gnu-tools-for-stm32.10.3-2021.10.win32_1.0.200.202301161003/tools/bin/../lib/gcc/arm-none-eabi/10.3.1/../../../../arm-none-eabi/lib/thumb/v7e-m+fp/hard/crt0.o (__libc_init_array)
c:/st/stm32cubeide_1.12.0/stm32cubeide/plugins/com.st.stm32cube.ide.mcu.externaltools.gnu-tools-for-stm32.10.3-2021.10.win32_1.0.200.202301161003/tools/bin/../lib/gcc/arm-none-eabi/10.3.1/../../../../arm-none-eabi/lib/thumb/v7e-m+fp/hard\libc_nano.a(lib_a-memset.o)
                              c:/st/stm32cubeide_1.12.0/stm32cubeide/plugins/com.st.stm32cube.ide.mcu.externaltools.gnu-tools-for-stm32.10.3-2021.10.win32_1.0.200.202301161003/tools/bin/../lib/gcc/arm-none-eabi/10.3.1/../../../../arm-none-eabi/lib/thumb/v7e-m+fp/hard/crt0.o (memset)
c:/st/stm32cubeide_1.12.0/stm32cubeide/plugins/com.st.stm32cube.ide.mcu.externaltools.gnu-tools-for-stm32.10.3-2021.10.win32_1.0.200.202301161003/tools/bin/../lib/gcc/arm-none-eabi/10.3.1/thumb/v7e-m+fp/hard\libgcc.a(_arm_muldf3.o)
                              ./Core/Src/main.o (__aeabi_dmul)
c:/st/stm32cubeide_1.12.0/stm32cubeide/plugins/com.st.stm32cube.ide.mcu.externaltools.gnu-tools-for-stm32.10.3-2021.10.win32_1.0.200.202301161003/tools/bin/../lib/gcc/arm-none-eabi/10.3.1/thumb/v7e-m+fp/hard\libgcc.a(_arm_addsubdf3.o)
                              ./Core/Src/main.o (__aeabi_ui2d)
c:/st/stm32cubeide_1.12.0/stm32cubeide/plugins/com.st.stm32cube.ide.mcu.externaltools.gnu-tools-for-stm32.10.3-2021.10.win32_1.0.200.202301161003/tools/bin/../lib/gcc/arm-none-eabi/10.3.1/thumb/v7e-m+fp/hard\libgcc.a(_arm_fixunsdfsi.o)
                              ./Core/Src/main.o (__aeabi_d2uiz)
c:/st/stm32cubeide_1.12.0/stm32cubeide/plugins/com.st.stm32cube.ide.mcu.externaltools.gnu-tools-for-stm32.10.3-2021.10.win32_1.0.200.202301161003/tools/bin/../lib/gcc/arm-none-eabi/10.3.1/thumb/v7e-m+fp/hard\libgcc.a(_aeabi_uldivmod.o)
                              ./Drivers/STM32F4xx_HAL_Driver/Src/stm32f4xx_hal_rcc.o (__aeabi_uldivmod)
c:/st/stm32cubeide_1.12.0/stm32cubeide/plugins/com.st.stm32cube.ide.mcu.externaltools.gnu-tools-for-stm32.10.3-2021.10.win32_1.0.200.202301161003/tools/bin/../lib/gcc/arm-none-eabi/10.3.1/thumb/v7e-m+fp/hard\libgcc.a(_udivmoddi4.o)
                              c:/st/stm32cubeide_1.12.0/stm32cubeide/plugins/com.st.stm32cube.ide.mcu.externaltools.gnu-tools-for-stm32.10.3-2021.10.win32_1.0.200.202301161003/tools/bin/../lib/gcc/arm-none-eabi/10.3.1/thumb/v7e-m+fp/hard\libgcc.a(_aeabi_uldivmod.o) (__udivmoddi4)
c:/st/stm32cubeide_1.12.0/stm32cubeide/plugins/com.st.stm32cube.ide.mcu.externaltools.gnu-tools-for-stm32.10.3-2021.10.win32_1.0.200.202301161003/tools/bin/../lib/gcc/arm-none-eabi/10.3.1/thumb/v7e-m+fp/hard\libgcc.a(_dvmd_tls.o)
                              c:/st/stm32cubeide_1.12.0/stm32cubeide/plugins/com.st.stm32cube.ide.mcu.externaltools.gnu-tools-for-stm32.10.3-2021.10.win32_1.0.200.202301161003/tools/bin/../lib/gcc/arm-none-eabi/10.3.1/thumb/v7e-m+fp/hard\libgcc.a(_aeabi_uldivmod.o) (__aeabi_ldiv0)

Discarded input sections

[...]
Memory Configuration

Name             Origin             Length             Attributes
CCMRAM           0x0000000010000000 0x0000000000010000 xrw
RAM              0x0000000020000000 0x0000000000020000 xrw
FLASH            0x0000000008000000 0x0000000000100000 xr
*default*        0x0000000000000000 0xffffffffffffffff

Linker script and memory map

LOAD c:/st/stm32cubeide_1.12.0/stm32cubeide/plugins/com.st.stm32cube.ide.mcu.externaltools.gnu-tools-for-stm32.10.3-2021.10.win32_1.0.200.202301161003/tools/bin/../lib/gcc/arm-none-eabi/10.3.1/thumb/v7e-m+fp/hard/crti.o
LOAD c:/st/stm32cubeide_1.12.0/stm32cubeide/plugins/com.st.stm32cube.ide.mcu.externaltools.gnu-tools-for-stm32.10.3-2021.10.win32_1.0.200.202301161003/tools/bin/../lib/gcc/arm-none-eabi/10.3.1/thumb/v7e-m+fp/hard/crtbegin.o
LOAD c:/st/stm32cubeide_1.12.0/stm32cubeide/plugins/com.st.stm32cube.ide.mcu.externaltools.gnu-tools-for-stm32.10.3-2021.10.win32_1.0.200.202301161003/tools/bin/../lib/gcc/arm-none-eabi/10.3.1/../../../../arm-none-eabi/lib/thumb/v7e-m+fp/hard/crt0.o
LOAD ./Core/Src/fatfs_sd.o
LOAD ./Core/Src/main.o
LOAD ./Core/Src/stm32f4xx_hal_msp.o
LOAD ./Core/Src/stm32f4xx_it.o
LOAD ./Core/Src/syscalls.o
LOAD ./Core/Src/sysmem.o
LOAD ./Core/Src/system_stm32f4xx.o
LOAD ./Core/Startup/startup_stm32f407vgtx.o
LOAD ./Drivers/STM32F4xx_HAL_Driver/Src/stm32f4xx_hal.o
LOAD ./Drivers/STM32F4xx_HAL_Driver/Src/stm32f4xx_hal_cortex.o
LOAD ./Drivers/STM32F4xx_HAL_Driver/Src/stm32f4xx_hal_dma.o
LOAD ./Drivers/STM32F4xx_HAL_Driver/Src/stm32f4xx_hal_dma_ex.o
LOAD ./Drivers/STM32F4xx_HAL_Driver/Src/stm32f4xx_hal_exti.o
LOAD ./Drivers/STM32F4xx_HAL_Driver/Src/stm32f4xx_hal_flash.o
LOAD ./Drivers/STM32F4xx_HAL_Driver/Src/stm32f4xx_hal_flash_ex.o
LOAD ./Drivers/STM32F4xx_HAL_Driver/Src/stm32f4xx_hal_flash_ramfunc.o
LOAD ./Drivers/STM32F4xx_HAL_Driver/Src/stm32f4xx_hal_gpio.o
LOAD ./Drivers/STM32F4xx_HAL_Driver/Src/stm32f4xx_hal_pwr.o
LOAD ./Drivers/STM32F4xx_HAL_Driver/Src/stm32f4xx_hal_pwr_ex.o
LOAD ./Drivers/STM32F4xx_HAL_Driver/Src/stm32f4xx_hal_rcc.o
LOAD ./Drivers/STM32F4xx_HAL_Driver/Src/stm32f4xx_hal_rcc_ex.o
LOAD ./Drivers/STM32F4xx_HAL_Driver/Src/stm32f4xx_hal_spi.o
LOAD ./Drivers/STM32F4xx_HAL_Driver/Src/stm32f4xx_hal_tim.o
LOAD ./Drivers/STM32F4xx_HAL_Driver/Src/stm32f4xx_hal_tim_ex.o
LOAD ./FATFS/App/fatfs.o
LOAD ./FATFS/Target/user_diskio.o
LOAD ./Middlewares/Third_Party/FatFs/src/diskio.o
LOAD ./Middlewares/Third_Party/FatFs/src/ff.o
LOAD ./Middlewares/Third_Party/FatFs/src/ff_gen_drv.o
LOAD ./Middlewares/Third_Party/FatFs/src/option/ccsbcs.o
LOAD ./Middlewares/Third_Party/FatFs/src/option/syscall.o
START GROUP
LOAD c:/st/stm32cubeide_1.12.0/stm32cubeide/plugins/com.st.stm32cube.ide.mcu.externaltools.gnu-tools-for-stm32.10.3-2021.10.win32_1.0.200.202301161003/tools/bin/../lib/gcc/arm-none-eabi/10.3.1/../../../../arm-none-eabi/lib/thumb/v7e-m+fp/hard\libc_nano.a
LOAD c:/st/stm32cubeide_1.12.0/stm32cubeide/plugins/com.st.stm32cube.ide.mcu.externaltools.gnu-tools-for-stm32.10.3-2021.10.win32_1.0.200.202301161003/tools/bin/../lib/gcc/arm-none-eabi/10.3.1/../../../../arm-none-eabi/lib/thumb/v7e-m+fp/hard\libm.a
END GROUP
START GROUP
LOAD c:/st/stm32cubeide_1.12.0/stm32cubeide/plugins/com.st.stm32cube.ide.mcu.externaltools.gnu-tools-for-stm32.10.3-2021.10.win32_1.0.200.202301161003/tools/bin/../lib/gcc/arm-none-eabi/10.3.1/thumb/v7e-m+fp/hard\libgcc.a
LOAD c:/st/stm32cubeide_1.12.0/stm32cubeide/plugins/com.st.stm32cube.ide.mcu.externaltools.gnu-tools-for-stm32.10.3-2021.10.win32_1.0.200.202301161003/tools/bin/../lib/gcc/arm-none-eabi/10.3.1/../../../../arm-none-eabi/lib/thumb/v7e-m+fp/hard\libc_nano.a
END GROUP
START GROUP
LOAD c:/st/stm32cubeide_1.12.0/stm32cubeide/plugins/com.st.stm32cube.ide.mcu.externaltools.gnu-tools-for-stm32.10.3-2021.10.win32_1.0.200.202301161003/tools/bin/../lib/gcc/arm-none-eabi/10.3.1/thumb/v7e-m+fp/hard\libgcc.a
LOAD c:/st/stm32cubeide_1.12.0/stm32cubeide/plugins/com.st.stm32cube.ide.mcu.externaltools.gnu-tools-for-stm32.10.3-2021.10.win32_1.0.200.202301161003/tools/bin/../lib/gcc/arm-none-eabi/10.3.1/../../../../arm-none-eabi/lib/thumb/v7e-m+fp/hard\libc_nano.a
LOAD c:/st/stm32cubeide_1.12.0/stm32cubeide/plugins/com.st.stm32cube.ide.mcu.externaltools.gnu-tools-for-stm32.10.3-2021.10.win32_1.0.200.202301161003/tools/bin/../lib/gcc/arm-none-eabi/10.3.1/../../../../arm-none-eabi/lib/thumb/v7e-m+fp/hard\libnosys.a
END GROUP
START GROUP
LOAD c:/st/stm32cubeide_1.12.0/stm32cubeide/plugins/com.st.stm32cube.ide.mcu.externaltools.gnu-tools-for-stm32.10.3-2021.10.win32_1.0.200.202301161003/tools/bin/../lib/gcc/arm-none-eabi/10.3.1/thumb/v7e-m+fp/hard\libgcc.a
LOAD c:/st/stm32cubeide_1.12.0/stm32cubeide/plugins/com.st.stm32cube.ide.mcu.externaltools.gnu-tools-for-stm32.10.3-2021.10.win32_1.0.200.202301161003/tools/bin/../lib/gcc/arm-none-eabi/10.3.1/../../../../arm-none-eabi/lib/thumb/v7e-m+fp/hard\libc_nano.a
LOAD c:/st/stm32cubeide_1.12.0/stm32cubeide/plugins/com.st.stm32cube.ide.mcu.externaltools.gnu-tools-for-stm32.10.3-2021.10.win32_1.0.200.202301161003/tools/bin/../lib/gcc/arm-none-eabi/10.3.1/../../../../arm-none-eabi/lib/thumb/v7e-m+fp/hard\libnosys.a
END GROUP
LOAD c:/st/stm32cubeide_1.12.0/stm32cubeide/plugins/com.st.stm32cube.ide.mcu.externaltools.gnu-tools-for-stm32.10.3-2021.10.win32_1.0.200.202301161003/tools/bin/../lib/gcc/arm-none-eabi/10.3.1/thumb/v7e-m+fp/hard/crtend.o
LOAD c:/st/stm32cubeide_1.12.0/stm32cubeide/plugins/com.st.stm32cube.ide.mcu.externaltools.gnu-tools-for-stm32.10.3-2021.10.win32_1.0.200.202301161003/tools/bin/../lib/gcc/arm-none-eabi/10.3.1/thumb/v7e-m+fp/hard/crtn.o
                0x0000000020020000                _estack = (ORIGIN (RAM) + LENGTH (RAM))
                0x0000000000000200                _Min_Heap_Size = 0x200
                0x0000000000000400                _Min_Stack_Size = 0x400

.isr_vector     0x0000000008000000      0x188
                0x0000000008000000                . = ALIGN (0x4)
 *(.isr_vector)
 .isr_vector    0x0000000008000000      0x188 ./Core/Startup/startup_stm32f407vgtx.o
                0x0000000008000000                g_pfnVectors
                0x0000000008000188                . = ALIGN (0x4)

.text           0x0000000008000188     0x63e8
                0x0000000008000188                . = ALIGN (0x4)
 *(.text)
 .text          0x0000000008000188       0x40 c:/st/stm32cubeide_1.12.0/stm32cubeide/plugins/com.st.stm32cube.ide.mcu.externaltools.gnu-tools-for-stm32.10.3-2021.10.win32_1.0.200.202301161003/tools/bin/../lib/gcc/arm-none-eabi/10.3.1/thumb/v7e-m+fp/hard/crtbegin.o
 .text          0x00000000080001c8      0x254 c:/st/stm32cubeide_1.12.0/stm32cubeide/plugins/com.st.stm32cube.ide.mcu.externaltools.gnu-tools-for-stm32.10.3-2021.10.win32_1.0.200.202301161003/tools/bin/../lib/gcc/arm-none-eabi/10.3.1/thumb/v7e-m+fp/hard\libgcc.a(_arm_muldf3.o)
                0x00000000080001c8                __muldf3
                0x00000000080001c8                __aeabi_dmul
 .text          0x000000000800041c      0x378 c:/st/stm32cubeide_1.12.0/stm32cubeide/plugins/com.st.stm32cube.ide.mcu.externaltools.gnu-tools-for-stm32.10.3-2021.10.win32_1.0.200.202301161003/tools/bin/../lib/gcc/arm-none-eabi/10.3.1/thumb/v7e-m+fp/hard\libgcc.a(_arm_addsubdf3.o)
                0x000000000800041c                __aeabi_drsub
                0x0000000008000424                __aeabi_dsub
                0x0000000008000424                __subdf3
                0x0000000008000428                __aeabi_dadd
                0x0000000008000428                __adddf3
                0x00000000080006a0                __floatunsidf
                0x00000000080006a0                __aeabi_ui2d
                0x00000000080006c0                __floatsidf
                0x00000000080006c0                __aeabi_i2d
                0x00000000080006e4                __aeabi_f2d
                0x00000000080006e4                __extendsfdf2
                0x0000000008000728                __floatundidf
                0x0000000008000728                __aeabi_ul2d
                0x0000000008000738                __floatdidf
                0x0000000008000738                __aeabi_l2d
 .text          0x0000000008000794       0x40 c:/st/stm32cubeide_1.12.0/stm32cubeide/plugins/com.st.stm32cube.ide.mcu.externaltools.gnu-tools-for-stm32.10.3-2021.10.win32_1.0.200.202301161003/tools/bin/../lib/gcc/arm-none-eabi/10.3.1/thumb/v7e-m+fp/hard\libgcc.a(_arm_fixunsdfsi.o)
                0x0000000008000794                __aeabi_d2uiz
                0x0000000008000794                __fixunsdfsi
 .text          0x00000000080007d4       0x30 c:/st/stm32cubeide_1.12.0/stm32cubeide/plugins/com.st.stm32cube.ide.mcu.externaltools.gnu-tools-for-stm32.10.3-2021.10.win32_1.0.200.202301161003/tools/bin/../lib/gcc/arm-none-eabi/10.3.1/thumb/v7e-m+fp/hard\libgcc.a(_aeabi_uldivmod.o)
                0x00000000080007d4                __aeabi_uldivmod
 .text          0x0000000008000804      0x2d0 c:/st/stm32cubeide_1.12.0/stm32cubeide/plugins/com.st.stm32cube.ide.mcu.externaltools.gnu-tools-for-stm32.10.3-2021.10.win32_1.0.200.202301161003/tools/bin/../lib/gcc/arm-none-eabi/10.3.1/thumb/v7e-m+fp/hard\libgcc.a(_udivmoddi4.o)
                0x0000000008000804                __udivmoddi4
 .text          0x0000000008000ad4        0x4 c:/st/stm32cubeide_1.12.0/stm32cubeide/plugins/com.st.stm32cube.ide.mcu.externaltools.gnu-tools-for-stm32.10.3-2021.10.win32_1.0.200.202301161003/tools/bin/../lib/gcc/arm-none-eabi/10.3.1/thumb/v7e-m+fp/hard\libgcc.a(_dvmd_tls.o)
                0x0000000008000ad4                __aeabi_idiv0
                0x0000000008000ad4                __aeabi_ldiv0
 *(.text*)
 .text.SELECT   0x0000000008000ad8       0x18 ./Core/Src/fatfs_sd.o
 .text.DESELECT
                0x0000000008000af0       0x18 ./Core/Src/fatfs_sd.o
 .text.SPI_TxByte
                0x0000000008000b08       0x34 ./Core/Src/fatfs_sd.o
 .text.SPI_RxByte
                0x0000000008000b3c       0x3c ./Core/Src/fatfs_sd.o
 .text.SPI_RxBytePtr
                0x0000000008000b78       0x1c ./Core/Src/fatfs_sd.o
 .text.SD_ReadyWait
                0x0000000008000b94       0x38 ./Core/Src/fatfs_sd.o
 .text.SD_PowerOn
                0x0000000008000bcc       0x98 ./Core/Src/fatfs_sd.o
 .text.SD_PowerOff
                0x0000000008000c64       0x18 ./Core/Src/fatfs_sd.o
 .text.SD_CheckPower
                0x0000000008000c7c       0x18 ./Core/Src/fatfs_sd.o
 .text.SD_RxDataBlock
                0x0000000008000c94       0x6c ./Core/Src/fatfs_sd.o
 .text.SD_TxDataBlock
                0x0000000008000d00       0xa8 ./Core/Src/fatfs_sd.o
 .text.SD_SendCmd
                0x0000000008000da8       0xa4 ./Core/Src/fatfs_sd.o
 .text.SD_disk_initialize
                0x0000000008000e4c      0x1d4 ./Core/Src/fatfs_sd.o
                0x0000000008000e4c                SD_disk_initialize
 .text.SD_disk_status
                0x0000000008001020       0x2c ./Core/Src/fatfs_sd.o
                0x0000000008001020                SD_disk_status
 .text.SD_disk_read
                0x000000000800104c       0xd4 ./Core/Src/fatfs_sd.o
                0x000000000800104c                SD_disk_read
 .text.SD_disk_write
                0x0000000008001120      0x108 ./Core/Src/fatfs_sd.o
                0x0000000008001120                SD_disk_write
 .text.SD_disk_ioctl
                0x0000000008001228      0x264 ./Core/Src/fatfs_sd.o
                0x0000000008001228                SD_disk_ioctl
 .text.main     0x000000000800148c       0xf4 ./Core/Src/main.o
                0x000000000800148c                main
 .text.SystemClock_Config
                0x0000000008001580       0xd4 ./Core/Src/main.o
                0x0000000008001580                SystemClock_Config
 .text.MX_SPI1_Init
                0x0000000008001654       0x6c ./Core/Src/main.o
 .text.MX_GPIO_Init
                0x00000000080016c0      0x2a4 ./Core/Src/main.o
 .text.Error_Handler
                0x0000000008001964        0xa ./Core/Src/main.o
                0x0000000008001964                Error_Handler
 *fill*         0x000000000800196e        0x2 
 .text.HAL_MspInit
                0x0000000008001970       0x50 ./Core/Src/stm32f4xx_hal_msp.o
                0x0000000008001970                HAL_MspInit
 .text.HAL_SPI_MspInit
                0x00000000080019c0       0x90 ./Core/Src/stm32f4xx_hal_msp.o
                0x00000000080019c0                HAL_SPI_MspInit
 .text.SDTimer_Handler
                0x0000000008001a50       0x48 ./Core/Src/stm32f4xx_it.o
                0x0000000008001a50                SDTimer_Handler
 .text.NMI_Handler
                0x0000000008001a98        0x6 ./Core/Src/stm32f4xx_it.o
                0x0000000008001a98                NMI_Handler
 .text.HardFault_Handler
                0x0000000008001a9e        0x6 ./Core/Src/stm32f4xx_it.o
                0x0000000008001a9e                HardFault_Handler
 .text.MemManage_Handler
                0x0000000008001aa4        0x6 ./Core/Src/stm32f4xx_it.o
                0x0000000008001aa4                MemManage_Handler
 .text.BusFault_Handler
                0x0000000008001aaa        0x6 ./Core/Src/stm32f4xx_it.o
                0x0000000008001aaa                BusFault_Handler
 .text.UsageFault_Handler
                0x0000000008001ab0        0x6 ./Core/Src/stm32f4xx_it.o
                0x0000000008001ab0                UsageFault_Handler
 .text.SVC_Handler
                0x0000000008001ab6        0xe ./Core/Src/stm32f4xx_it.o
                0x0000000008001ab6                SVC_Handler
 .text.DebugMon_Handler
                0x0000000008001ac4        0xe ./Core/Src/stm32f4xx_it.o
                0x0000000008001ac4                DebugMon_Handler
 .text.PendSV_Handler
                0x0000000008001ad2        0xe ./Core/Src/stm32f4xx_it.o
                0x0000000008001ad2                PendSV_Handler
 .text.SysTick_Handler
                0x0000000008001ae0       0x34 ./Core/Src/stm32f4xx_it.o
                0x0000000008001ae0                SysTick_Handler
 .text.SystemInit
                0x0000000008001b14       0x24 ./Core/Src/system_stm32f4xx.o
                0x0000000008001b14                SystemInit
 .text.Reset_Handler
                0x0000000008001b38       0x50 ./Core/Startup/startup_stm32f407vgtx.o
                0x0000000008001b38                Reset_Handler
 .text.Default_Handler
                0x0000000008001b88        0x2 ./Core/Startup/startup_stm32f407vgtx.o
                0x0000000008001b88                RTC_Alarm_IRQHandler
                0x0000000008001b88                HASH_RNG_IRQHandler
                0x0000000008001b88                EXTI2_IRQHandler
                0x0000000008001b88                TIM8_CC_IRQHandler
                0x0000000008001b88                TIM1_CC_IRQHandler
                0x0000000008001b88                DMA2_Stream5_IRQHandler
                0x0000000008001b88                DMA1_Stream5_IRQHandler
                0x0000000008001b88                PVD_IRQHandler
                0x0000000008001b88                SDIO_IRQHandler
                0x0000000008001b88                TAMP_STAMP_IRQHandler
                0x0000000008001b88                CAN2_RX1_IRQHandler
                0x0000000008001b88                EXTI3_IRQHandler
                0x0000000008001b88                TIM8_TRG_COM_TIM14_IRQHandler
                0x0000000008001b88                TIM1_UP_TIM10_IRQHandler
                0x0000000008001b88                TIM8_UP_TIM13_IRQHandler
                0x0000000008001b88                I2C3_ER_IRQHandler
                0x0000000008001b88                EXTI0_IRQHandler
                0x0000000008001b88                I2C2_EV_IRQHandler
                0x0000000008001b88                DMA1_Stream2_IRQHandler
                0x0000000008001b88                CAN1_RX0_IRQHandler
                0x0000000008001b88                FPU_IRQHandler
                0x0000000008001b88                OTG_HS_WKUP_IRQHandler
                0x0000000008001b88                CAN2_SCE_IRQHandler
                0x0000000008001b88                DMA2_Stream2_IRQHandler
                0x0000000008001b88                SPI1_IRQHandler
                0x0000000008001b88                TIM6_DAC_IRQHandler
                0x0000000008001b88                TIM1_BRK_TIM9_IRQHandler
                0x0000000008001b88                DCMI_IRQHandler
                0x0000000008001b88                CAN2_RX0_IRQHandler
                0x0000000008001b88                DMA2_Stream3_IRQHandler
                0x0000000008001b88                USART6_IRQHandler
                0x0000000008001b88                USART3_IRQHandler
                0x0000000008001b88                CAN1_RX1_IRQHandler
                0x0000000008001b88                UART5_IRQHandler
                0x0000000008001b88                DMA2_Stream0_IRQHandler
                0x0000000008001b88                TIM4_IRQHandler
                0x0000000008001b88                I2C1_EV_IRQHandler
                0x0000000008001b88                DMA1_Stream6_IRQHandler
                0x0000000008001b88                DMA1_Stream1_IRQHandler
                0x0000000008001b88                UART4_IRQHandler
                0x0000000008001b88                TIM3_IRQHandler
                0x0000000008001b88                RCC_IRQHandler
                0x0000000008001b88                TIM8_BRK_TIM12_IRQHandler
                0x0000000008001b88                Default_Handler
                0x0000000008001b88                EXTI15_10_IRQHandler
                0x0000000008001b88                ADC_IRQHandler
                0x0000000008001b88                DMA1_Stream7_IRQHandler
                0x0000000008001b88                TIM7_IRQHandler
                0x0000000008001b88                CAN2_TX_IRQHandler
                0x0000000008001b88                TIM5_IRQHandler
                0x0000000008001b88                DMA2_Stream7_IRQHandler
                0x0000000008001b88                I2C3_EV_IRQHandler
                0x0000000008001b88                EXTI9_5_IRQHandler
                0x0000000008001b88                RTC_WKUP_IRQHandler
                0x0000000008001b88                ETH_WKUP_IRQHandler
                0x0000000008001b88                SPI2_IRQHandler
                0x0000000008001b88                OTG_HS_EP1_IN_IRQHandler
                0x0000000008001b88                DMA1_Stream0_IRQHandler
                0x0000000008001b88                CAN1_TX_IRQHandler
                0x0000000008001b88                EXTI4_IRQHandler
                0x0000000008001b88                FSMC_IRQHandler
                0x0000000008001b88                ETH_IRQHandler
                0x0000000008001b88                OTG_HS_EP1_OUT_IRQHandler
                0x0000000008001b88                WWDG_IRQHandler
                0x0000000008001b88                TIM2_IRQHandler
                0x0000000008001b88                OTG_FS_WKUP_IRQHandler
                0x0000000008001b88                TIM1_TRG_COM_TIM11_IRQHandler
                0x0000000008001b88                OTG_HS_IRQHandler
                0x0000000008001b88                EXTI1_IRQHandler
                0x0000000008001b88                USART2_IRQHandler
                0x0000000008001b88                I2C2_ER_IRQHandler
                0x0000000008001b88                DMA2_Stream1_IRQHandler
                0x0000000008001b88                CAN1_SCE_IRQHandler
                0x0000000008001b88                FLASH_IRQHandler
                0x0000000008001b88                DMA2_Stream4_IRQHandler
                0x0000000008001b88                USART1_IRQHandler
                0x0000000008001b88                OTG_FS_IRQHandler
                0x0000000008001b88                SPI3_IRQHandler
                0x0000000008001b88                DMA1_Stream4_IRQHandler
                0x0000000008001b88                I2C1_ER_IRQHandler
                0x0000000008001b88                DMA2_Stream6_IRQHandler
                0x0000000008001b88                DMA1_Stream3_IRQHandler
 *fill*         0x0000000008001b8a        0x2 
 .text.HAL_Init
                0x0000000008001b8c       0x44 ./Drivers/STM32F4xx_HAL_Driver/Src/stm32f4xx_hal.o
                0x0000000008001b8c                HAL_Init
 .text.HAL_InitTick
                0x0000000008001bd0       0x60 ./Drivers/STM32F4xx_HAL_Driver/Src/stm32f4xx_hal.o
                0x0000000008001bd0                HAL_InitTick
 .text.HAL_IncTick
                0x0000000008001c30       0x28 ./Drivers/STM32F4xx_HAL_Driver/Src/stm32f4xx_hal.o
                0x0000000008001c30                HAL_IncTick
 .text.HAL_GetTick
                0x0000000008001c58       0x18 ./Drivers/STM32F4xx_HAL_Driver/Src/stm32f4xx_hal.o
                0x0000000008001c58                HAL_GetTick
 .text.__NVIC_SetPriorityGrouping
                0x0000000008001c70       0x48 ./Drivers/STM32F4xx_HAL_Driver/Src/stm32f4xx_hal_cortex.o
 .text.__NVIC_GetPriorityGrouping
                0x0000000008001cb8       0x1c ./Drivers/STM32F4xx_HAL_Driver/Src/stm32f4xx_hal_cortex.o
 .text.__NVIC_SetPriority
                0x0000000008001cd4       0x54 ./Drivers/STM32F4xx_HAL_Driver/Src/stm32f4xx_hal_cortex.o
 .text.NVIC_EncodePriority
                0x0000000008001d28       0x66 ./Drivers/STM32F4xx_HAL_Driver/Src/stm32f4xx_hal_cortex.o
 *fill*         0x0000000008001d8e        0x2 
 .text.SysTick_Config
                0x0000000008001d90       0x44 ./Drivers/STM32F4xx_HAL_Driver/Src/stm32f4xx_hal_cortex.o
 .text.HAL_NVIC_SetPriorityGrouping
                0x0000000008001dd4       0x16 ./Drivers/STM32F4xx_HAL_Driver/Src/stm32f4xx_hal_cortex.o
                0x0000000008001dd4                HAL_NVIC_SetPriorityGrouping
 .text.HAL_NVIC_SetPriority
                0x0000000008001dea       0x38 ./Drivers/STM32F4xx_HAL_Driver/Src/stm32f4xx_hal_cortex.o
                0x0000000008001dea                HAL_NVIC_SetPriority
 .text.HAL_SYSTICK_Config
                0x0000000008001e22       0x18 ./Drivers/STM32F4xx_HAL_Driver/Src/stm32f4xx_hal_cortex.o
                0x0000000008001e22                HAL_SYSTICK_Config
 *fill*         0x0000000008001e3a        0x2 
 .text.HAL_GPIO_Init
                0x0000000008001e3c      0x338 ./Drivers/STM32F4xx_HAL_Driver/Src/stm32f4xx_hal_gpio.o
                0x0000000008001e3c                HAL_GPIO_Init
 .text.HAL_GPIO_WritePin
                0x0000000008002174       0x32 ./Drivers/STM32F4xx_HAL_Driver/Src/stm32f4xx_hal_gpio.o
                0x0000000008002174                HAL_GPIO_WritePin
 *fill*         0x00000000080021a6        0x2 
 .text.HAL_RCC_OscConfig
                0x00000000080021a8      0x4f0 ./Drivers/STM32F4xx_HAL_Driver/Src/stm32f4xx_hal_rcc.o
                0x00000000080021a8                HAL_RCC_OscConfig
 .text.HAL_RCC_ClockConfig
                0x0000000008002698      0x1cc ./Drivers/STM32F4xx_HAL_Driver/Src/stm32f4xx_hal_rcc.o
                0x0000000008002698                HAL_RCC_ClockConfig
 .text.HAL_RCC_GetSysClockFreq
                0x0000000008002864      0x20c ./Drivers/STM32F4xx_HAL_Driver/Src/stm32f4xx_hal_rcc.o
                0x0000000008002864                HAL_RCC_GetSysClockFreq
 .text.HAL_SPI_Init
                0x0000000008002a70      0x112 ./Drivers/STM32F4xx_HAL_Driver/Src/stm32f4xx_hal_spi.o
                0x0000000008002a70                HAL_SPI_Init
 .text.HAL_SPI_Transmit
                0x0000000008002b82      0x278 ./Drivers/STM32F4xx_HAL_Driver/Src/stm32f4xx_hal_spi.o
                0x0000000008002b82                HAL_SPI_Transmit
 .text.HAL_SPI_TransmitReceive
                0x0000000008002dfa      0x344 ./Drivers/STM32F4xx_HAL_Driver/Src/stm32f4xx_hal_spi.o
                0x0000000008002dfa                HAL_SPI_TransmitReceive
 .text.HAL_SPI_GetState
                0x000000000800313e       0x1c ./Drivers/STM32F4xx_HAL_Driver/Src/stm32f4xx_hal_spi.o
                0x000000000800313e                HAL_SPI_GetState
 *fill*         0x000000000800315a        0x2 
 .text.SPI_WaitFlagStateUntilTimeout
                0x000000000800315c      0x110 ./Drivers/STM32F4xx_HAL_Driver/Src/stm32f4xx_hal_spi.o
 .text.SPI_EndRxTxTransaction
                0x000000000800326c       0x84 ./Drivers/STM32F4xx_HAL_Driver/Src/stm32f4xx_hal_spi.o
 .text.MX_FATFS_Init
                0x00000000080032f0       0x24 ./FATFS/App/fatfs.o
                0x00000000080032f0                MX_FATFS_Init
 .text.get_fattime
                0x0000000008003314       0x10 ./FATFS/App/fatfs.o
                0x0000000008003314                get_fattime
 .text.USER_initialize
                0x0000000008003324       0x1e ./FATFS/Target/user_diskio.o
                0x0000000008003324                USER_initialize
 .text.USER_status
                0x0000000008003342       0x1e ./FATFS/Target/user_diskio.o
                0x0000000008003342                USER_status
 .text.USER_read
                0x0000000008003360       0x28 ./FATFS/Target/user_diskio.o
                0x0000000008003360                USER_read
 .text.USER_write
                0x0000000008003388       0x28 ./FATFS/Target/user_diskio.o
                0x0000000008003388                USER_write
 .text.USER_ioctl
                0x00000000080033b0       0x28 ./FATFS/Target/user_diskio.o
                0x00000000080033b0                USER_ioctl
 .text.disk_status
                0x00000000080033d8       0x34 ./Middlewares/Third_Party/FatFs/src/diskio.o
                0x00000000080033d8                disk_status
 .text.disk_initialize
                0x000000000800340c       0x4c ./Middlewares/Third_Party/FatFs/src/diskio.o
                0x000000000800340c                disk_initialize
 .text.disk_read
                0x0000000008003458       0x40 ./Middlewares/Third_Party/FatFs/src/diskio.o
                0x0000000008003458                disk_read
 .text.disk_write
                0x0000000008003498       0x40 ./Middlewares/Third_Party/FatFs/src/diskio.o
                0x0000000008003498                disk_write
 .text.disk_ioctl
                0x00000000080034d8       0x3c ./Middlewares/Third_Party/FatFs/src/diskio.o
                0x00000000080034d8                disk_ioctl
 .text.ld_word  0x0000000008003514       0x30 ./Middlewares/Third_Party/FatFs/src/ff.o
 .text.ld_dword
                0x0000000008003544       0x46 ./Middlewares/Third_Party/FatFs/src/ff.o
 .text.st_word  0x000000000800358a       0x36 ./Middlewares/Third_Party/FatFs/src/ff.o
 .text.st_dword
                0x00000000080035c0       0x58 ./Middlewares/Third_Party/FatFs/src/ff.o
 .text.mem_cpy  0x0000000008003618       0x42 ./Middlewares/Third_Party/FatFs/src/ff.o
 .text.mem_set  0x000000000800365a       0x36 ./Middlewares/Third_Party/FatFs/src/ff.o
 .text.mem_cmp  0x0000000008003690       0x4e ./Middlewares/Third_Party/FatFs/src/ff.o
 .text.chk_chr  0x00000000080036de       0x36 ./Middlewares/Third_Party/FatFs/src/ff.o
 .text.chk_lock
                0x0000000008003714       0xb8 ./Middlewares/Third_Party/FatFs/src/ff.o
 .text.enq_lock
                0x00000000080037cc       0x44 ./Middlewares/Third_Party/FatFs/src/ff.o
 .text.inc_lock
                0x0000000008003810      0x11c ./Middlewares/Third_Party/FatFs/src/ff.o
 .text.dec_lock
                0x000000000800392c       0x78 ./Middlewares/Third_Party/FatFs/src/ff.o
 .text.clear_lock
                0x00000000080039a4       0x48 ./Middlewares/Third_Party/FatFs/src/ff.o
 .text.sync_window
                0x00000000080039ec       0x88 ./Middlewares/Third_Party/FatFs/src/ff.o
 .text.move_window
                0x0000000008003a74       0x5a ./Middlewares/Third_Party/FatFs/src/ff.o
 *fill*         0x0000000008003ace        0x2 
 .text.sync_fs  0x0000000008003ad0       0xe0 ./Middlewares/Third_Party/FatFs/src/ff.o
 .text.clust2sect
                0x0000000008003bb0       0x3e ./Middlewares/Third_Party/FatFs/src/ff.o
 .text.get_fat  0x0000000008003bee      0x1a8 ./Middlewares/Third_Party/FatFs/src/ff.o
 .text.put_fat  0x0000000008003d96      0x238 ./Middlewares/Third_Party/FatFs/src/ff.o
 .text.remove_chain
                0x0000000008003fce       0xca ./Middlewares/Third_Party/FatFs/src/ff.o
 .text.create_chain
                0x0000000008004098      0x130 ./Middlewares/Third_Party/FatFs/src/ff.o
 .text.clmt_clust
                0x00000000080041c8       0x70 ./Middlewares/Third_Party/FatFs/src/ff.o
 .text.dir_sdi  0x0000000008004238      0x112 ./Middlewares/Third_Party/FatFs/src/ff.o
 .text.dir_next
                0x000000000800434a      0x1ac ./Middlewares/Third_Party/FatFs/src/ff.o
 .text.dir_alloc
                0x00000000080044f6       0x8e ./Middlewares/Third_Party/FatFs/src/ff.o
 .text.ld_clust
                0x0000000008004584       0x3e ./Middlewares/Third_Party/FatFs/src/ff.o
 .text.st_clust
                0x00000000080045c2       0x40 ./Middlewares/Third_Party/FatFs/src/ff.o
 *fill*         0x0000000008004602        0x2 
 .text.cmp_lfn  0x0000000008004604       0xe0 ./Middlewares/Third_Party/FatFs/src/ff.o
 .text.put_lfn  0x00000000080046e4       0xd0 ./Middlewares/Third_Party/FatFs/src/ff.o
 .text.gen_numname
                0x00000000080047b4      0x11c ./Middlewares/Third_Party/FatFs/src/ff.o
 .text.sum_sfn  0x00000000080048d0       0x42 ./Middlewares/Third_Party/FatFs/src/ff.o
 .text.dir_find
                0x0000000008004912      0x180 ./Middlewares/Third_Party/FatFs/src/ff.o
 *fill*         0x0000000008004a92        0x2 
 .text.dir_register
                0x0000000008004a94      0x1f0 ./Middlewares/Third_Party/FatFs/src/ff.o
 .text.create_name
                0x0000000008004c84      0x370 ./Middlewares/Third_Party/FatFs/src/ff.o
 .text.follow_path
                0x0000000008004ff4       0xec ./Middlewares/Third_Party/FatFs/src/ff.o
 .text.get_ldnumber
                0x00000000080050e0       0x88 ./Middlewares/Third_Party/FatFs/src/ff.o
 .text.check_fs
                0x0000000008005168       0xac ./Middlewares/Third_Party/FatFs/src/ff.o
 .text.find_volume
                0x0000000008005214      0x50c ./Middlewares/Third_Party/FatFs/src/ff.o
 .text.validate
                0x0000000008005720       0x6a ./Middlewares/Third_Party/FatFs/src/ff.o
 *fill*         0x000000000800578a        0x2 
 .text.f_mount  0x000000000800578c       0x8c ./Middlewares/Third_Party/FatFs/src/ff.o
                0x000000000800578c                f_mount
 .text.f_open   0x0000000008005818      0x398 ./Middlewares/Third_Party/FatFs/src/ff.o
                0x0000000008005818                f_open
 .text.f_write  0x0000000008005bb0      0x328 ./Middlewares/Third_Party/FatFs/src/ff.o
                0x0000000008005bb0                f_write
 .text.f_sync   0x0000000008005ed8       0xfc ./Middlewares/Third_Party/FatFs/src/ff.o
                0x0000000008005ed8                f_sync
 .text.f_close  0x0000000008005fd4       0x54 ./Middlewares/Third_Party/FatFs/src/ff.o
                0x0000000008005fd4                f_close
 .text.f_getfree
                0x0000000008006028      0x16a ./Middlewares/Third_Party/FatFs/src/ff.o
                0x0000000008006028                f_getfree
 .text.putc_bfd
                0x0000000008006192       0x7a ./Middlewares/Third_Party/FatFs/src/ff.o
 .text.putc_flush
                0x000000000800620c       0x4a ./Middlewares/Third_Party/FatFs/src/ff.o
 .text.putc_init
                0x0000000008006256       0x2a ./Middlewares/Third_Party/FatFs/src/ff.o
 .text.f_putc   0x0000000008006280       0x3a ./Middlewares/Third_Party/FatFs/src/ff.o
                0x0000000008006280                f_putc
 *fill*         0x00000000080062ba        0x2 
 .text.FATFS_LinkDriverEx
                0x00000000080062bc       0x98 ./Middlewares/Third_Party/FatFs/src/ff_gen_drv.o
                0x00000000080062bc                FATFS_LinkDriverEx
 .text.FATFS_LinkDriver
                0x0000000008006354       0x1e ./Middlewares/Third_Party/FatFs/src/ff_gen_drv.o
                0x0000000008006354                FATFS_LinkDriver
 *fill*         0x0000000008006372        0x2 
 .text.ff_convert
                0x0000000008006374       0x78 ./Middlewares/Third_Party/FatFs/src/option/ccsbcs.o
                0x0000000008006374                ff_convert
 .text.ff_wtoupper
                0x00000000080063ec      0x114 ./Middlewares/Third_Party/FatFs/src/option/ccsbcs.o
                0x00000000080063ec                ff_wtoupper
 .text.__libc_init_array
                0x0000000008006500       0x48 c:/st/stm32cubeide_1.12.0/stm32cubeide/plugins/com.st.stm32cube.ide.mcu.externaltools.gnu-tools-for-stm32.10.3-2021.10.win32_1.0.200.202301161003/tools/bin/../lib/gcc/arm-none-eabi/10.3.1/../../../../arm-none-eabi/lib/thumb/v7e-m+fp/hard\libc_nano.a(lib_a-init.o)
                0x0000000008006500                __libc_init_array
 .text.memset   0x0000000008006548       0x10 c:/st/stm32cubeide_1.12.0/stm32cubeide/plugins/com.st.stm32cube.ide.mcu.externaltools.gnu-tools-for-stm32.10.3-2021.10.win32_1.0.200.202301161003/tools/bin/../lib/gcc/arm-none-eabi/10.3.1/../../../../arm-none-eabi/lib/thumb/v7e-m+fp/hard\libc_nano.a(lib_a-memset.o)
                0x0000000008006548                memset
 *(.glue_7)
 .glue_7        0x0000000008006558        0x0 linker stubs
 *(.glue_7t)
 .glue_7t       0x0000000008006558        0x0 linker stubs
 *(.eh_frame)
 .eh_frame      0x0000000008006558        0x0 c:/st/stm32cubeide_1.12.0/stm32cubeide/plugins/com.st.stm32cube.ide.mcu.externaltools.gnu-tools-for-stm32.10.3-2021.10.win32_1.0.200.202301161003/tools/bin/../lib/gcc/arm-none-eabi/10.3.1/thumb/v7e-m+fp/hard/crtbegin.o
 *(.init)
 .init          0x0000000008006558        0x4 c:/st/stm32cubeide_1.12.0/stm32cubeide/plugins/com.st.stm32cube.ide.mcu.externaltools.gnu-tools-for-stm32.10.3-2021.10.win32_1.0.200.202301161003/tools/bin/../lib/gcc/arm-none-eabi/10.3.1/thumb/v7e-m+fp/hard/crti.o
                0x0000000008006558                _init
 .init          0x000000000800655c        0x8 c:/st/stm32cubeide_1.12.0/stm32cubeide/plugins/com.st.stm32cube.ide.mcu.externaltools.gnu-tools-for-stm32.10.3-2021.10.win32_1.0.200.202301161003/tools/bin/../lib/gcc/arm-none-eabi/10.3.1/thumb/v7e-m+fp/hard/crtn.o
 *(.fini)
 .fini          0x0000000008006564        0x4 c:/st/stm32cubeide_1.12.0/stm32cubeide/plugins/com.st.stm32cube.ide.mcu.externaltools.gnu-tools-for-stm32.10.3-2021.10.win32_1.0.200.202301161003/tools/bin/../lib/gcc/arm-none-eabi/10.3.1/thumb/v7e-m+fp/hard/crti.o
                0x0000000008006564                _fini
 .fini          0x0000000008006568        0x8 c:/st/stm32cubeide_1.12.0/stm32cubeide/plugins/com.st.stm32cube.ide.mcu.externaltools.gnu-tools-for-stm32.10.3-2021.10.win32_1.0.200.202301161003/tools/bin/../lib/gcc/arm-none-eabi/10.3.1/thumb/v7e-m+fp/hard/crtn.o
                0x0000000008006570                . = ALIGN (0x4)
                0x0000000008006570                _etext = .

.vfp11_veneer   0x0000000008006570        0x0
 .vfp11_veneer  0x0000000008006570        0x0 linker stubs

.v4_bx          0x0000000008006570        0x0
 .v4_bx         0x0000000008006570        0x0 linker stubs

.iplt           0x0000000008006570        0x0
 .iplt          0x0000000008006570        0x0 c:/st/stm32cubeide_1.12.0/stm32cubeide/plugins/com.st.stm32cube.ide.mcu.externaltools.gnu-tools-for-stm32.10.3-2021.10.win32_1.0.200.202301161003/tools/bin/../lib/gcc/arm-none-eabi/10.3.1/thumb/v7e-m+fp/hard/crtbegin.o

.rodata         0x0000000008006570      0x4cc
                0x0000000008006570                . = ALIGN (0x4)
 *(.rodata)
 .rodata        0x0000000008006570       0x31 ./Core/Src/main.o
 *fill*         0x00000000080065a1        0x3 
 .rodata        0x00000000080065a4       0x48 ./Middlewares/Third_Party/FatFs/src/ff.o
 *(.rodata*)
 .rodata.AHBPrescTable
                0x00000000080065ec       0x10 ./Core/Src/system_stm32f4xx.o
                0x00000000080065ec                AHBPrescTable
 .rodata.ExCvt  0x00000000080065fc       0x80 ./Middlewares/Third_Party/FatFs/src/ff.o
 .rodata.LfnOfs
                0x000000000800667c        0xd ./Middlewares/Third_Party/FatFs/src/ff.o
 *fill*         0x0000000008006689        0x3 
 .rodata.Tbl    0x000000000800668c      0x100 ./Middlewares/Third_Party/FatFs/src/option/ccsbcs.o
 .rodata.cvt1.1
                0x000000000800678c      0x1f2 ./Middlewares/Third_Party/FatFs/src/option/ccsbcs.o
 *fill*         0x000000000800697e        0x2 
 .rodata.cvt2.0
                0x0000000008006980       0xbc ./Middlewares/Third_Party/FatFs/src/option/ccsbcs.o
                0x0000000008006a3c                . = ALIGN (0x4)

.ARM.extab      0x0000000008006a3c        0x0
                0x0000000008006a3c                . = ALIGN (0x4)
 *(.ARM.extab* .gnu.linkonce.armextab.*)
                0x0000000008006a3c                . = ALIGN (0x4)

.ARM            0x0000000008006a3c        0x8
                0x0000000008006a3c                . = ALIGN (0x4)
                0x0000000008006a3c                __exidx_start = .
 *(.ARM.exidx*)
 .ARM.exidx     0x0000000008006a3c        0x8 c:/st/stm32cubeide_1.12.0/stm32cubeide/plugins/com.st.stm32cube.ide.mcu.externaltools.gnu-tools-for-stm32.10.3-2021.10.win32_1.0.200.202301161003/tools/bin/../lib/gcc/arm-none-eabi/10.3.1/thumb/v7e-m+fp/hard\libgcc.a(_udivmoddi4.o)
                0x0000000008006a44                __exidx_end = .
                0x0000000008006a44                . = ALIGN (0x4)

.rel.dyn        0x0000000008006a44        0x0
 .rel.iplt      0x0000000008006a44        0x0 c:/st/stm32cubeide_1.12.0/stm32cubeide/plugins/com.st.stm32cube.ide.mcu.externaltools.gnu-tools-for-stm32.10.3-2021.10.win32_1.0.200.202301161003/tools/bin/../lib/gcc/arm-none-eabi/10.3.1/thumb/v7e-m+fp/hard/crtbegin.o

.preinit_array  0x0000000008006a44        0x0
                0x0000000008006a44                . = ALIGN (0x4)
                0x0000000008006a44                PROVIDE (__preinit_array_start = .)
 *(.preinit_array*)
                0x0000000008006a44                PROVIDE (__preinit_array_end = .)
                0x0000000008006a44                . = ALIGN (0x4)

.init_array     0x0000000008006a44        0x4
                0x0000000008006a44                . = ALIGN (0x4)
                0x0000000008006a44                PROVIDE (__init_array_start = .)
 *(SORT_BY_NAME(.init_array.*))
 *(.init_array*)
 .init_array    0x0000000008006a44        0x4 c:/st/stm32cubeide_1.12.0/stm32cubeide/plugins/com.st.stm32cube.ide.mcu.externaltools.gnu-tools-for-stm32.10.3-2021.10.win32_1.0.200.202301161003/tools/bin/../lib/gcc/arm-none-eabi/10.3.1/thumb/v7e-m+fp/hard/crtbegin.o
                0x0000000008006a48                PROVIDE (__init_array_end = .)
                0x0000000008006a48                . = ALIGN (0x4)

.fini_array     0x0000000008006a48        0x4
                0x0000000008006a48                . = ALIGN (0x4)
                [!provide]                        PROVIDE (__fini_array_start = .)
 *(SORT_BY_NAME(.fini_array.*))
 *(.fini_array*)
 .fini_array    0x0000000008006a48        0x4 c:/st/stm32cubeide_1.12.0/stm32cubeide/plugins/com.st.stm32cube.ide.mcu.externaltools.gnu-tools-for-stm32.10.3-2021.10.win32_1.0.200.202301161003/tools/bin/../lib/gcc/arm-none-eabi/10.3.1/thumb/v7e-m+fp/hard/crtbegin.o
                [!provide]                        PROVIDE (__fini_array_end = .)
                0x0000000008006a4c                . = ALIGN (0x4)
                0x0000000008006a4c                _sidata = LOADADDR (.data)

.data           0x0000000020000000       0x24 load address 0x0000000008006a4c
                0x0000000020000000                . = ALIGN (0x4)
                0x0000000020000000                _sdata = .
 *(.data)
 *(.data*)
 .data.Stat     0x0000000020000000        0x1 ./Core/Src/fatfs_sd.o
 *fill*         0x0000000020000001        0x3 
 .data.SystemCoreClock
                0x0000000020000004        0x4 ./Core/Src/system_stm32f4xx.o
                0x0000000020000004                SystemCoreClock
 .data.uwTickPrio
                0x0000000020000008        0x4 ./Drivers/STM32F4xx_HAL_Driver/Src/stm32f4xx_hal.o
                0x0000000020000008                uwTickPrio
 .data.uwTickFreq
                0x000000002000000c        0x1 ./Drivers/STM32F4xx_HAL_Driver/Src/stm32f4xx_hal.o
                0x000000002000000c                uwTickFreq
 *fill*         0x000000002000000d        0x3 
 .data.USER_Driver
                0x0000000020000010       0x14 ./FATFS/Target/user_diskio.o
                0x0000000020000010                USER_Driver
 *(.RamFunc)
 *(.RamFunc*)
                0x0000000020000024                . = ALIGN (0x4)
                0x0000000020000024                _edata = .
                0x0000000008006a70                _siccmram = LOADADDR (.ccmram)

.igot.plt       0x0000000020000024        0x0 load address 0x0000000008006a70
 .igot.plt      0x0000000020000024        0x0 c:/st/stm32cubeide_1.12.0/stm32cubeide/plugins/com.st.stm32cube.ide.mcu.externaltools.gnu-tools-for-stm32.10.3-2021.10.win32_1.0.200.202301161003/tools/bin/../lib/gcc/arm-none-eabi/10.3.1/thumb/v7e-m+fp/hard/crtbegin.o

.ccmram         0x0000000010000000        0x0 load address 0x0000000008006a70
                0x0000000010000000                . = ALIGN (0x4)
                0x0000000010000000                _sccmram = .
 *(.ccmram)
 *(.ccmram*)
                0x0000000010000000                . = ALIGN (0x4)
                0x0000000010000000                _eccmram = .
                0x0000000010000000                . = ALIGN (0x4)

.bss            0x0000000020000024     0x2338
                0x0000000020000024                _sbss = .
                0x0000000020000024                __bss_start__ = _sbss
 *(.bss)
 .bss           0x0000000020000024       0x1c c:/st/stm32cubeide_1.12.0/stm32cubeide/plugins/com.st.stm32cube.ide.mcu.externaltools.gnu-tools-for-stm32.10.3-2021.10.win32_1.0.200.202301161003/tools/bin/../lib/gcc/arm-none-eabi/10.3.1/thumb/v7e-m+fp/hard/crtbegin.o
 *(.bss*)
 .bss.CardType  0x0000000020000040        0x1 ./Core/Src/fatfs_sd.o
 .bss.PowerFlag
                0x0000000020000041        0x1 ./Core/Src/fatfs_sd.o
 *fill*         0x0000000020000042        0x2 
 .bss.hspi1     0x0000000020000044       0x58 ./Core/Src/main.o
                0x0000000020000044                hspi1
 .bss.fs        0x000000002000009c     0x1038 ./Core/Src/main.o
                0x000000002000009c                fs
 .bss.file      0x00000000200010d4     0x1030 ./Core/Src/main.o
                0x00000000200010d4                file
 .bss.fResult   0x0000000020002104        0x1 ./Core/Src/main.o
                0x0000000020002104                fResult
 *fill*         0x0000000020002105        0x3 
 .bss.pfs       0x0000000020002108        0x4 ./Core/Src/main.o
                0x0000000020002108                pfs
 .bss.fre_clust
                0x000000002000210c        0x4 ./Core/Src/main.o
                0x000000002000210c                fre_clust
 .bss.total     0x0000000020002110        0x4 ./Core/Src/main.o
                0x0000000020002110                total
 .bss.free_Space
                0x0000000020002114        0x4 ./Core/Src/main.o
                0x0000000020002114                free_Space
 .bss.FatFsCnt  0x0000000020002118        0x1 ./Core/Src/stm32f4xx_it.o
                0x0000000020002118                FatFsCnt
 .bss.Timer1    0x0000000020002119        0x1 ./Core/Src/stm32f4xx_it.o
                0x0000000020002119                Timer1
 .bss.Timer2    0x000000002000211a        0x1 ./Core/Src/stm32f4xx_it.o
                0x000000002000211a                Timer2
 *fill*         0x000000002000211b        0x1 
 .bss.uwTick    0x000000002000211c        0x4 ./Drivers/STM32F4xx_HAL_Driver/Src/stm32f4xx_hal.o
                0x000000002000211c                uwTick
 .bss.retUSER   0x0000000020002120        0x1 ./FATFS/App/fatfs.o
                0x0000000020002120                retUSER
 *fill*         0x0000000020002121        0x3 
 .bss.USERPath  0x0000000020002124        0x4 ./FATFS/App/fatfs.o
                0x0000000020002124                USERPath
 .bss.FatFs     0x0000000020002128        0x4 ./Middlewares/Third_Party/FatFs/src/ff.o
 .bss.Fsid      0x000000002000212c        0x2 ./Middlewares/Third_Party/FatFs/src/ff.o
 *fill*         0x000000002000212e        0x2 
 .bss.Files     0x0000000020002130       0x20 ./Middlewares/Third_Party/FatFs/src/ff.o
 .bss.LfnBuf    0x0000000020002150      0x200 ./Middlewares/Third_Party/FatFs/src/ff.o
 .bss.disk      0x0000000020002350        0xc ./Middlewares/Third_Party/FatFs/src/ff_gen_drv.o
                0x0000000020002350                disk
 *(COMMON)
                0x000000002000235c                . = ALIGN (0x4)
                0x000000002000235c                _ebss = .
                0x000000002000235c                __bss_end__ = _ebss

._user_heap_stack
                0x000000002000235c      0x604
                0x0000000020002360                . = ALIGN (0x8)
 *fill*         0x000000002000235c        0x4 
                [!provide]                        PROVIDE (end = .)
                0x0000000020002360                PROVIDE (_end = .)
                0x0000000020002560                . = (. + _Min_Heap_Size)
 *fill*         0x0000000020002360      0x200 
                0x0000000020002960                . = (. + _Min_Stack_Size)
 *fill*         0x0000000020002560      0x400 
                0x0000000020002960                . = ALIGN (0x8)

/DISCARD/
 libc.a(*)
 libm.a(*)
 libgcc.a(*)

.ARM.attributes
                0x0000000000000000       0x30
 *(.ARM.attributes)
 .ARM.attributes
                0x0000000000000000       0x1e c:/st/stm32cubeide_1.12.0/stm32cubeide/plugins/com.st.stm32cube.ide.mcu.externaltools.gnu-tools-for-stm32.10.3-2021.10.win32_1.0.200.202301161003/tools/bin/../lib/gcc/arm-none-eabi/10.3.1/thumb/v7e-m+fp/hard/crti.o
 .ARM.attributes
                0x000000000000001e       0x34 c:/st/stm32cubeide_1.12.0/stm32cubeide/plugins/com.st.stm32cube.ide.mcu.externaltools.gnu-tools-for-stm32.10.3-2021.10.win32_1.0.200.202301161003/tools/bin/../lib/gcc/arm-none-eabi/10.3.1/thumb/v7e-m+fp/hard/crtbegin.o
 .ARM.attributes
                0x0000000000000052       0x34 ./Core/Src/fatfs_sd.o
 .ARM.attributes
                0x0000000000000086       0x34 ./Core/Src/main.o
 .ARM.attributes
                0x00000000000000ba       0x34 ./Core/Src/stm32f4xx_hal_msp.o
 .ARM.attributes
                0x00000000000000ee       0x34 ./Core/Src/stm32f4xx_it.o
 .ARM.attributes
                0x0000000000000122       0x34 ./Core/Src/system_stm32f4xx.o
 .ARM.attributes
                0x0000000000000156       0x21 ./Core/Startup/startup_stm32f407vgtx.o
 .ARM.attributes
                0x0000000000000177       0x34 ./Drivers/STM32F4xx_HAL_Driver/Src/stm32f4xx_hal.o
 .ARM.attributes
                0x00000000000001ab       0x34 ./Drivers/STM32F4xx_HAL_Driver/Src/stm32f4xx_hal_cortex.o
 .ARM.attributes
                0x00000000000001df       0x34 ./Drivers/STM32F4xx_HAL_Driver/Src/stm32f4xx_hal_gpio.o
 .ARM.attributes
                0x0000000000000213       0x34 ./Drivers/STM32F4xx_HAL_Driver/Src/stm32f4xx_hal_rcc.o
 .ARM.attributes
                0x0000000000000247       0x34 ./Drivers/STM32F4xx_HAL_Driver/Src/stm32f4xx_hal_spi.o
 .ARM.attributes
                0x000000000000027b       0x34 ./FATFS/App/fatfs.o
 .ARM.attributes
                0x00000000000002af       0x34 ./FATFS/Target/user_diskio.o
 .ARM.attributes
                0x00000000000002e3       0x34 ./Middlewares/Third_Party/FatFs/src/diskio.o
 .ARM.attributes
                0x0000000000000317       0x34 ./Middlewares/Third_Party/FatFs/src/ff.o
 .ARM.attributes
                0x000000000000034b       0x34 ./Middlewares/Third_Party/FatFs/src/ff_gen_drv.o
 .ARM.attributes
                0x000000000000037f       0x34 ./Middlewares/Third_Party/FatFs/src/option/ccsbcs.o
 .ARM.attributes
                0x00000000000003b3       0x34 c:/st/stm32cubeide_1.12.0/stm32cubeide/plugins/com.st.stm32cube.ide.mcu.externaltools.gnu-tools-for-stm32.10.3-2021.10.win32_1.0.200.202301161003/tools/bin/../lib/gcc/arm-none-eabi/10.3.1/../../../../arm-none-eabi/lib/thumb/v7e-m+fp/hard\libc_nano.a(lib_a-init.o)
 .ARM.attributes
                0x00000000000003e7       0x34 c:/st/stm32cubeide_1.12.0/stm32cubeide/plugins/com.st.stm32cube.ide.mcu.externaltools.gnu-tools-for-stm32.10.3-2021.10.win32_1.0.200.202301161003/tools/bin/../lib/gcc/arm-none-eabi/10.3.1/../../../../arm-none-eabi/lib/thumb/v7e-m+fp/hard\libc_nano.a(lib_a-memset.o)
 .ARM.attributes
                0x000000000000041b       0x1e c:/st/stm32cubeide_1.12.0/stm32cubeide/plugins/com.st.stm32cube.ide.mcu.externaltools.gnu-tools-for-stm32.10.3-2021.10.win32_1.0.200.202301161003/tools/bin/../lib/gcc/arm-none-eabi/10.3.1/thumb/v7e-m+fp/hard\libgcc.a(_arm_muldf3.o)
 .ARM.attributes
                0x0000000000000439       0x1e c:/st/stm32cubeide_1.12.0/stm32cubeide/plugins/com.st.stm32cube.ide.mcu.externaltools.gnu-tools-for-stm32.10.3-2021.10.win32_1.0.200.202301161003/tools/bin/../lib/gcc/arm-none-eabi/10.3.1/thumb/v7e-m+fp/hard\libgcc.a(_arm_addsubdf3.o)
 .ARM.attributes
                0x0000000000000457       0x1e c:/st/stm32cubeide_1.12.0/stm32cubeide/plugins/com.st.stm32cube.ide.mcu.externaltools.gnu-tools-for-stm32.10.3-2021.10.win32_1.0.200.202301161003/tools/bin/../lib/gcc/arm-none-eabi/10.3.1/thumb/v7e-m+fp/hard\libgcc.a(_arm_fixunsdfsi.o)
 .ARM.attributes
                0x0000000000000475       0x1e c:/st/stm32cubeide_1.12.0/stm32cubeide/plugins/com.st.stm32cube.ide.mcu.externaltools.gnu-tools-for-stm32.10.3-2021.10.win32_1.0.200.202301161003/tools/bin/../lib/gcc/arm-none-eabi/10.3.1/thumb/v7e-m+fp/hard\libgcc.a(_aeabi_uldivmod.o)
 .ARM.attributes
                0x0000000000000493       0x34 c:/st/stm32cubeide_1.12.0/stm32cubeide/plugins/com.st.stm32cube.ide.mcu.externaltools.gnu-tools-for-stm32.10.3-2021.10.win32_1.0.200.202301161003/tools/bin/../lib/gcc/arm-none-eabi/10.3.1/thumb/v7e-m+fp/hard\libgcc.a(_udivmoddi4.o)
 .ARM.attributes
                0x00000000000004c7       0x1e c:/st/stm32cubeide_1.12.0/stm32cubeide/plugins/com.st.stm32cube.ide.mcu.externaltools.gnu-tools-for-stm32.10.3-2021.10.win32_1.0.200.202301161003/tools/bin/../lib/gcc/arm-none-eabi/10.3.1/thumb/v7e-m+fp/hard\libgcc.a(_dvmd_tls.o)
 .ARM.attributes
                0x00000000000004e5       0x1e c:/st/stm32cubeide_1.12.0/stm32cubeide/plugins/com.st.stm32cube.ide.mcu.externaltools.gnu-tools-for-stm32.10.3-2021.10.win32_1.0.200.202301161003/tools/bin/../lib/gcc/arm-none-eabi/10.3.1/thumb/v7e-m+fp/hard/crtn.o
OUTPUT(013_HAL_SDCARD.elf elf32-littlearm)
LOAD linker stubs
LOAD c:/st/stm32cubeide_1.12.0/stm32cubeide/plugins/com.st.stm32cube.ide.mcu.externaltools.gnu-tools-for-stm32.10.3-2021.10.win32_1.0.200.202301161003/tools/bin/../lib/gcc/arm-none-eabi/10.3.1/../../../../arm-none-eabi/lib/thumb/v7e-m+fp/hard\libc.a
LOAD c:/st/stm32cubeide_1.12.0/stm32cubeide/plugins/com.st.stm32cube.ide.mcu.externaltools.gnu-tools-for-stm32.10.3-2021.10.win32_1.0.200.202301161003/tools/bin/../lib/gcc/arm-none-eabi/10.3.1/../../../../arm-none-eabi/lib/thumb/v7e-m+fp/hard\libm.a
LOAD c:/st/stm32cubeide_1.12.0/stm32cubeide/plugins/com.st.stm32cube.ide.mcu.externaltools.gnu-tools-for-stm32.10.3-2021.10.win32_1.0.200.202301161003/tools/bin/../lib/gcc/arm-none-eabi/10.3.1/thumb/v7e-m+fp/hard\libgcc.a

.debug_info     0x0000000000000000     0xa9ab
 .debug_info    0x0000000000000000      0xcc7 ./Core/Src/fatfs_sd.o
 .debug_info    0x0000000000000cc7     0x11bf ./Core/Src/main.o
 .debug_info    0x0000000000001e86      0x9c9 ./Core/Src/stm32f4xx_hal_msp.o
 .debug_info    0x000000000000284f      0x186 ./Core/Src/stm32f4xx_it.o
 .debug_info    0x00000000000029d5      0x523 ./Core/Src/system_stm32f4xx.o
 .debug_info    0x0000000000002ef8       0x22 ./Core/Startup/startup_stm32f407vgtx.o
 .debug_info    0x0000000000002f1a      0x97c ./Drivers/STM32F4xx_HAL_Driver/Src/stm32f4xx_hal.o
 .debug_info    0x0000000000003896      0xe1b ./Drivers/STM32F4xx_HAL_Driver/Src/stm32f4xx_hal_cortex.o
 .debug_info    0x00000000000046b1      0x76a ./Drivers/STM32F4xx_HAL_Driver/Src/stm32f4xx_hal_gpio.o
 .debug_info    0x0000000000004e1b      0x966 ./Drivers/STM32F4xx_HAL_Driver/Src/stm32f4xx_hal_rcc.o
 .debug_info    0x0000000000005781     0x1758 ./Drivers/STM32F4xx_HAL_Driver/Src/stm32f4xx_hal_spi.o
 .debug_info    0x0000000000006ed9      0x526 ./FATFS/App/fatfs.o
 .debug_info    0x00000000000073ff      0x3dc ./FATFS/Target/user_diskio.o
 .debug_info    0x00000000000077db      0x412 ./Middlewares/Third_Party/FatFs/src/diskio.o
 .debug_info    0x0000000000007bed     0x284f ./Middlewares/Third_Party/FatFs/src/ff.o
 .debug_info    0x000000000000a43c      0x3a9 ./Middlewares/Third_Party/FatFs/src/ff_gen_drv.o
 .debug_info    0x000000000000a7e5      0x1c6 ./Middlewares/Third_Party/FatFs/src/option/ccsbcs.o

.debug_abbrev   0x0000000000000000     0x1e23
 .debug_abbrev  0x0000000000000000      0x2b1 ./Core/Src/fatfs_sd.o
 .debug_abbrev  0x00000000000002b1      0x2fb ./Core/Src/main.o
 .debug_abbrev  0x00000000000005ac      0x1a9 ./Core/Src/stm32f4xx_hal_msp.o
 .debug_abbrev  0x0000000000000755       0x9d ./Core/Src/stm32f4xx_it.o
 .debug_abbrev  0x00000000000007f2      0x116 ./Core/Src/system_stm32f4xx.o
 .debug_abbrev  0x0000000000000908       0x12 ./Core/Startup/startup_stm32f407vgtx.o
 .debug_abbrev  0x000000000000091a      0x20d ./Drivers/STM32F4xx_HAL_Driver/Src/stm32f4xx_hal.o
 .debug_abbrev  0x0000000000000b27      0x316 ./Drivers/STM32F4xx_HAL_Driver/Src/stm32f4xx_hal_cortex.o
 .debug_abbrev  0x0000000000000e3d      0x1c4 ./Drivers/STM32F4xx_HAL_Driver/Src/stm32f4xx_hal_gpio.o
 .debug_abbrev  0x0000000000001001      0x2aa ./Drivers/STM32F4xx_HAL_Driver/Src/stm32f4xx_hal_rcc.o
 .debug_abbrev  0x00000000000012ab      0x26e ./Drivers/STM32F4xx_HAL_Driver/Src/stm32f4xx_hal_spi.o
 .debug_abbrev  0x0000000000001519      0x15a ./FATFS/App/fatfs.o
 .debug_abbrev  0x0000000000001673      0x155 ./FATFS/Target/user_diskio.o
 .debug_abbrev  0x00000000000017c8      0x178 ./Middlewares/Third_Party/FatFs/src/diskio.o
 .debug_abbrev  0x0000000000001940      0x271 ./Middlewares/Third_Party/FatFs/src/ff.o
 .debug_abbrev  0x0000000000001bb1      0x196 ./Middlewares/Third_Party/FatFs/src/ff_gen_drv.o
 .debug_abbrev  0x0000000000001d47       0xdc ./Middlewares/Third_Party/FatFs/src/option/ccsbcs.o

.debug_aranges  0x0000000000000000      0x9d8
 .debug_aranges
                0x0000000000000000       0xa0 ./Core/Src/fatfs_sd.o
 .debug_aranges
                0x00000000000000a0       0x50 ./Core/Src/main.o
 .debug_aranges
                0x00000000000000f0       0x30 ./Core/Src/stm32f4xx_hal_msp.o
 .debug_aranges
                0x0000000000000120       0x68 ./Core/Src/stm32f4xx_it.o
 .debug_aranges
                0x0000000000000188       0x28 ./Core/Src/system_stm32f4xx.o
 .debug_aranges
                0x00000000000001b0       0x28 ./Core/Startup/startup_stm32f407vgtx.o
 .debug_aranges
                0x00000000000001d8       0xf0 ./Drivers/STM32F4xx_HAL_Driver/Src/stm32f4xx_hal.o
 .debug_aranges
                0x00000000000002c8      0x118 ./Drivers/STM32F4xx_HAL_Driver/Src/stm32f4xx_hal_cortex.o
 .debug_aranges
                0x00000000000003e0       0x58 ./Drivers/STM32F4xx_HAL_Driver/Src/stm32f4xx_hal_gpio.o
 .debug_aranges
                0x0000000000000438       0x88 ./Drivers/STM32F4xx_HAL_Driver/Src/stm32f4xx_hal_rcc.o
 .debug_aranges
                0x00000000000004c0      0x1d0 ./Drivers/STM32F4xx_HAL_Driver/Src/stm32f4xx_hal_spi.o
 .debug_aranges
                0x0000000000000690       0x28 ./FATFS/App/fatfs.o
 .debug_aranges
                0x00000000000006b8       0x40 ./FATFS/Target/user_diskio.o
 .debug_aranges
                0x00000000000006f8       0x48 ./Middlewares/Third_Party/FatFs/src/diskio.o
 .debug_aranges
                0x0000000000000740      0x230 ./Middlewares/Third_Party/FatFs/src/ff.o
 .debug_aranges
                0x0000000000000970       0x40 ./Middlewares/Third_Party/FatFs/src/ff_gen_drv.o
 .debug_aranges
                0x00000000000009b0       0x28 ./Middlewares/Third_Party/FatFs/src/option/ccsbcs.o

.debug_ranges   0x0000000000000000      0x8d0
 .debug_ranges  0x0000000000000000       0x90 ./Core/Src/fatfs_sd.o
 .debug_ranges  0x0000000000000090       0x40 ./Core/Src/main.o
 .debug_ranges  0x00000000000000d0       0x20 ./Core/Src/stm32f4xx_hal_msp.o
 .debug_ranges  0x00000000000000f0       0x58 ./Core/Src/stm32f4xx_it.o
 .debug_ranges  0x0000000000000148       0x18 ./Core/Src/system_stm32f4xx.o
 .debug_ranges  0x0000000000000160       0x20 ./Core/Startup/startup_stm32f407vgtx.o
 .debug_ranges  0x0000000000000180       0xe0 ./Drivers/STM32F4xx_HAL_Driver/Src/stm32f4xx_hal.o
 .debug_ranges  0x0000000000000260      0x108 ./Drivers/STM32F4xx_HAL_Driver/Src/stm32f4xx_hal_cortex.o
 .debug_ranges  0x0000000000000368       0x48 ./Drivers/STM32F4xx_HAL_Driver/Src/stm32f4xx_hal_gpio.o
 .debug_ranges  0x00000000000003b0       0x78 ./Drivers/STM32F4xx_HAL_Driver/Src/stm32f4xx_hal_rcc.o
 .debug_ranges  0x0000000000000428      0x1c0 ./Drivers/STM32F4xx_HAL_Driver/Src/stm32f4xx_hal_spi.o
 .debug_ranges  0x00000000000005e8       0x18 ./FATFS/App/fatfs.o
 .debug_ranges  0x0000000000000600       0x30 ./FATFS/Target/user_diskio.o
 .debug_ranges  0x0000000000000630       0x38 ./Middlewares/Third_Party/FatFs/src/diskio.o
 .debug_ranges  0x0000000000000668      0x220 ./Middlewares/Third_Party/FatFs/src/ff.o
 .debug_ranges  0x0000000000000888       0x30 ./Middlewares/Third_Party/FatFs/src/ff_gen_drv.o
 .debug_ranges  0x00000000000008b8       0x18 ./Middlewares/Third_Party/FatFs/src/option/ccsbcs.o

.debug_macro    0x0000000000000000    0x2187a
 .debug_macro   0x0000000000000000      0x1f9 ./Core/Src/fatfs_sd.o
 .debug_macro   0x00000000000001f9      0xa78 ./Core/Src/fatfs_sd.o
 .debug_macro   0x0000000000000c71      0x295 ./Core/Src/fatfs_sd.o
 .debug_macro   0x0000000000000f06       0x2e ./Core/Src/fatfs_sd.o
 .debug_macro   0x0000000000000f34       0x2f ./Core/Src/fatfs_sd.o
 .debug_macro   0x0000000000000f63       0x22 ./Core/Src/fatfs_sd.o
 .debug_macro   0x0000000000000f85       0x8e ./Core/Src/fatfs_sd.o
 .debug_macro   0x0000000000001013       0x51 ./Core/Src/fatfs_sd.o
 .debug_macro   0x0000000000001064      0x103 ./Core/Src/fatfs_sd.o
 .debug_macro   0x0000000000001167       0x6a ./Core/Src/fatfs_sd.o
 .debug_macro   0x00000000000011d1      0x1df ./Core/Src/fatfs_sd.o
 .debug_macro   0x00000000000013b0       0x1c ./Core/Src/fatfs_sd.o
 .debug_macro   0x00000000000013cc       0x22 ./Core/Src/fatfs_sd.o
 .debug_macro   0x00000000000013ee       0xd9 ./Core/Src/fatfs_sd.o
 .debug_macro   0x00000000000014c7     0x102d ./Core/Src/fatfs_sd.o
 .debug_macro   0x00000000000024f4      0x11f ./Core/Src/fatfs_sd.o
 .debug_macro   0x0000000000002613    0x15e82 ./Core/Src/fatfs_sd.o
 .debug_macro   0x0000000000018495       0x6d ./Core/Src/fatfs_sd.o
 .debug_macro   0x0000000000018502     0x367e ./Core/Src/fatfs_sd.o
 .debug_macro   0x000000000001bb80      0x174 ./Core/Src/fatfs_sd.o
 .debug_macro   0x000000000001bcf4       0x5c ./Core/Src/fatfs_sd.o
 .debug_macro   0x000000000001bd50      0x96b ./Core/Src/fatfs_sd.o
 .debug_macro   0x000000000001c6bb      0x9fe ./Core/Src/fatfs_sd.o
 .debug_macro   0x000000000001d0b9      0x115 ./Core/Src/fatfs_sd.o
 .debug_macro   0x000000000001d1ce      0x13e ./Core/Src/fatfs_sd.o
 .debug_macro   0x000000000001d30c       0xa5 ./Core/Src/fatfs_sd.o
 .debug_macro   0x000000000001d3b1      0x174 ./Core/Src/fatfs_sd.o
 .debug_macro   0x000000000001d525      0x287 ./Core/Src/fatfs_sd.o
 .debug_macro   0x000000000001d7ac       0x5f ./Core/Src/fatfs_sd.o
 .debug_macro   0x000000000001d80b      0x236 ./Core/Src/fatfs_sd.o
 .debug_macro   0x000000000001da41      0x12c ./Core/Src/fatfs_sd.o
 .debug_macro   0x000000000001db6d      0x21e ./Core/Src/fatfs_sd.o
 .debug_macro   0x000000000001dd8b       0x2e ./Core/Src/fatfs_sd.o
 .debug_macro   0x000000000001ddb9      0x11a ./Core/Src/fatfs_sd.o
 .debug_macro   0x000000000001ded3       0x7e ./Core/Src/fatfs_sd.o
 .debug_macro   0x000000000001df51       0x89 ./Core/Src/fatfs_sd.o
 .debug_macro   0x000000000001dfda      0x225 ./Core/Src/fatfs_sd.o
 .debug_macro   0x000000000001e1ff      0x12d ./Core/Src/fatfs_sd.o
 .debug_macro   0x000000000001e32c       0x16 ./Core/Src/fatfs_sd.o
 .debug_macro   0x000000000001e342       0x7c ./Core/Src/fatfs_sd.o
 .debug_macro   0x000000000001e3be       0x70 ./Core/Src/fatfs_sd.o
 .debug_macro   0x000000000001e42e      0x321 ./Core/Src/main.o
 .debug_macro   0x000000000001e74f      0x19c ./Core/Src/main.o
 .debug_macro   0x000000000001e8eb       0xeb ./Core/Src/main.o
 .debug_macro   0x000000000001e9d6       0x1e ./Core/Src/main.o
 .debug_macro   0x000000000001e9f4       0x52 ./Core/Src/main.o
 .debug_macro   0x000000000001ea46       0x3c ./Core/Src/main.o
 .debug_macro   0x000000000001ea82       0x34 ./Core/Src/main.o
 .debug_macro   0x000000000001eab6       0x16 ./Core/Src/main.o
 .debug_macro   0x000000000001eacc       0x35 ./Core/Src/main.o
 .debug_macro   0x000000000001eb01       0x16 ./Core/Src/main.o
 .debug_macro   0x000000000001eb17       0x43 ./Core/Src/main.o
 .debug_macro   0x000000000001eb5a       0x34 ./Core/Src/main.o
 .debug_macro   0x000000000001eb8e       0x10 ./Core/Src/main.o
 .debug_macro   0x000000000001eb9e       0x58 ./Core/Src/main.o
 .debug_macro   0x000000000001ebf6       0x71 ./Core/Src/main.o
 .debug_macro   0x000000000001ec67       0x1c ./Core/Src/main.o
 .debug_macro   0x000000000001ec83      0x12a ./Core/Src/main.o
 .debug_macro   0x000000000001edad      0x341 ./Core/Src/main.o
 .debug_macro   0x000000000001f0ee       0x16 ./Core/Src/main.o
 .debug_macro   0x000000000001f104       0x29 ./Core/Src/main.o
 .debug_macro   0x000000000001f12d       0x12 ./Core/Src/main.o
 .debug_macro   0x000000000001f13f       0xe2 ./Core/Src/main.o
 .debug_macro   0x000000000001f221       0x8e ./Core/Src/main.o
 .debug_macro   0x000000000001f2af       0x16 ./Core/Src/main.o
 .debug_macro   0x000000000001f2c5       0x20 ./Core/Src/main.o
 .debug_macro   0x000000000001f2e5      0x1c9 ./Core/Src/stm32f4xx_hal_msp.o
 .debug_macro   0x000000000001f4ae      0x1d3 ./Core/Src/stm32f4xx_it.o
 .debug_macro   0x000000000001f681      0x1ba ./Core/Src/system_stm32f4xx.o
 .debug_macro   0x000000000001f83b      0x21a ./Drivers/STM32F4xx_HAL_Driver/Src/stm32f4xx_hal.o
 .debug_macro   0x000000000001fa55      0x1ba ./Drivers/STM32F4xx_HAL_Driver/Src/stm32f4xx_hal_cortex.o
 .debug_macro   0x000000000001fc0f      0x1c0 ./Drivers/STM32F4xx_HAL_Driver/Src/stm32f4xx_hal_gpio.o
 .debug_macro   0x000000000001fdcf      0x1de ./Drivers/STM32F4xx_HAL_Driver/Src/stm32f4xx_hal_rcc.o
 .debug_macro   0x000000000001ffad      0x1c9 ./Drivers/STM32F4xx_HAL_Driver/Src/stm32f4xx_hal_spi.o
 .debug_macro   0x0000000000020176      0x2ee ./FATFS/App/fatfs.o
 .debug_macro   0x0000000000020464       0xe5 ./FATFS/App/fatfs.o
 .debug_macro   0x0000000000020549      0x30b ./FATFS/Target/user_diskio.o
 .debug_macro   0x0000000000020854       0x10 ./FATFS/Target/user_diskio.o
 .debug_macro   0x0000000000020864       0x56 ./FATFS/Target/user_diskio.o
 .debug_macro   0x00000000000208ba      0x2db ./Middlewares/Third_Party/FatFs/src/diskio.o
 .debug_macro   0x0000000000020b95      0x6e9 ./Middlewares/Third_Party/FatFs/src/ff.o
 .debug_macro   0x000000000002127e       0x58 ./Middlewares/Third_Party/FatFs/src/ff.o
 .debug_macro   0x00000000000212d6      0x2db ./Middlewares/Third_Party/FatFs/src/ff_gen_drv.o
 .debug_macro   0x00000000000215b1      0x2c9 ./Middlewares/Third_Party/FatFs/src/option/ccsbcs.o

.debug_line     0x0000000000000000     0xe0e2
 .debug_line    0x0000000000000000      0xd4c ./Core/Src/fatfs_sd.o
 .debug_line    0x0000000000000d4c      0xae6 ./Core/Src/main.o
 .debug_line    0x0000000000001832      0x6df ./Core/Src/stm32f4xx_hal_msp.o
 .debug_line    0x0000000000001f11      0x787 ./Core/Src/stm32f4xx_it.o
 .debug_line    0x0000000000002698      0x713 ./Core/Src/system_stm32f4xx.o
 .debug_line    0x0000000000002dab       0x88 ./Core/Startup/startup_stm32f407vgtx.o
 .debug_line    0x0000000000002e33      0x979 ./Drivers/STM32F4xx_HAL_Driver/Src/stm32f4xx_hal.o
 .debug_line    0x00000000000037ac      0xc28 ./Drivers/STM32F4xx_HAL_Driver/Src/stm32f4xx_hal_cortex.o
 .debug_line    0x00000000000043d4      0xaed ./Drivers/STM32F4xx_HAL_Driver/Src/stm32f4xx_hal_gpio.o
 .debug_line    0x0000000000004ec1      0xcf5 ./Drivers/STM32F4xx_HAL_Driver/Src/stm32f4xx_hal_rcc.o
 .debug_line    0x0000000000005bb6     0x1c03 ./Drivers/STM32F4xx_HAL_Driver/Src/stm32f4xx_hal_spi.o
 .debug_line    0x00000000000077b9      0x87e ./FATFS/App/fatfs.o
 .debug_line    0x0000000000008037      0x8d4 ./FATFS/Target/user_diskio.o
 .debug_line    0x000000000000890b      0x8ed ./Middlewares/Third_Party/FatFs/src/diskio.o
 .debug_line    0x00000000000091f8     0x3c94 ./Middlewares/Third_Party/FatFs/src/ff.o
 .debug_line    0x000000000000ce8c      0x90b ./Middlewares/Third_Party/FatFs/src/ff_gen_drv.o
 .debug_line    0x000000000000d797      0x94b ./Middlewares/Third_Party/FatFs/src/option/ccsbcs.o

.debug_str      0x0000000000000000    0xc303b
 .debug_str     0x0000000000000000    0xbc47f ./Core/Src/fatfs_sd.o
                                      0xbc783 (size before relaxing)
 .debug_str     0x00000000000bc47f     0x3f83 ./Core/Src/main.o
                                      0xc0550 (size before relaxing)
 .debug_str     0x00000000000c0402       0x80 ./Core/Src/stm32f4xx_hal_msp.o
                                      0xbcaae (size before relaxing)
 .debug_str     0x00000000000c0482       0xe2 ./Core/Src/stm32f4xx_it.o
                                      0xbc555 (size before relaxing)
 .debug_str     0x00000000000c0564       0xdb ./Core/Src/system_stm32f4xx.o
                                      0xbbfbc (size before relaxing)
 .debug_str     0x00000000000c063f       0x36 ./Core/Startup/startup_stm32f407vgtx.o
                                         0x78 (size before relaxing)
 .debug_str     0x00000000000c0675      0xae0 ./Drivers/STM32F4xx_HAL_Driver/Src/stm32f4xx_hal.o
                                      0xbcb40 (size before relaxing)
 .debug_str     0x00000000000c1155      0x354 ./Drivers/STM32F4xx_HAL_Driver/Src/stm32f4xx_hal_cortex.o
                                      0xbc873 (size before relaxing)
 .debug_str     0x00000000000c14a9      0x121 ./Drivers/STM32F4xx_HAL_Driver/Src/stm32f4xx_hal_gpio.o
                                      0xbc137 (size before relaxing)
 .debug_str     0x00000000000c15ca      0x233 ./Drivers/STM32F4xx_HAL_Driver/Src/stm32f4xx_hal_rcc.o
                                      0xbc3f0 (size before relaxing)
 .debug_str     0x00000000000c17fd      0x563 ./Drivers/STM32F4xx_HAL_Driver/Src/stm32f4xx_hal_spi.o
                                      0xbc880 (size before relaxing)
 .debug_str     0x00000000000c1d60       0x74 ./FATFS/App/fatfs.o
                                      0xbfb18 (size before relaxing)
 .debug_str     0x00000000000c1dd4       0x5a ./FATFS/Target/user_diskio.o
                                      0xbface (size before relaxing)
 .debug_str     0x00000000000c1e2e       0x52 ./Middlewares/Third_Party/FatFs/src/diskio.o
                                      0xbfa14 (size before relaxing)
 .debug_str     0x00000000000c1e80     0x10e1 ./Middlewares/Third_Party/FatFs/src/ff.o
                                      0xc0d1b (size before relaxing)
 .debug_str     0x00000000000c2f61       0x91 ./Middlewares/Third_Party/FatFs/src/ff_gen_drv.o
                                      0xbfa65 (size before relaxing)
 .debug_str     0x00000000000c2ff2       0x49 ./Middlewares/Third_Party/FatFs/src/option/ccsbcs.o
                                      0xbf7e9 (size before relaxing)

.comment        0x0000000000000000       0x50
 .comment       0x0000000000000000       0x50 ./Core/Src/fatfs_sd.o
                                         0x51 (size before relaxing)
 .comment       0x0000000000000050       0x51 ./Core/Src/main.o
 .comment       0x0000000000000050       0x51 ./Core/Src/stm32f4xx_hal_msp.o
 .comment       0x0000000000000050       0x51 ./Core/Src/stm32f4xx_it.o
 .comment       0x0000000000000050       0x51 ./Core/Src/system_stm32f4xx.o
 .comment       0x0000000000000050       0x51 ./Drivers/STM32F4xx_HAL_Driver/Src/stm32f4xx_hal.o
 .comment       0x0000000000000050       0x51 ./Drivers/STM32F4xx_HAL_Driver/Src/stm32f4xx_hal_cortex.o
 .comment       0x0000000000000050       0x51 ./Drivers/STM32F4xx_HAL_Driver/Src/stm32f4xx_hal_gpio.o
 .comment       0x0000000000000050       0x51 ./Drivers/STM32F4xx_HAL_Driver/Src/stm32f4xx_hal_rcc.o
 .comment       0x0000000000000050       0x51 ./Drivers/STM32F4xx_HAL_Driver/Src/stm32f4xx_hal_spi.o
 .comment       0x0000000000000050       0x51 ./FATFS/App/fatfs.o
 .comment       0x0000000000000050       0x51 ./FATFS/Target/user_diskio.o
 .comment       0x0000000000000050       0x51 ./Middlewares/Third_Party/FatFs/src/diskio.o
 .comment       0x0000000000000050       0x51 ./Middlewares/Third_Party/FatFs/src/ff.o
 .comment       0x0000000000000050       0x51 ./Middlewares/Third_Party/FatFs/src/ff_gen_drv.o
 .comment       0x0000000000000050       0x51 ./Middlewares/Third_Party/FatFs/src/option/ccsbcs.o

.debug_frame    0x0000000000000000     0x27a8
 .debug_frame   0x0000000000000000      0x268 ./Core/Src/fatfs_sd.o
 .debug_frame   0x0000000000000268       0xfc ./Core/Src/main.o
 .debug_frame   0x0000000000000364       0x7c ./Core/Src/stm32f4xx_hal_msp.o
 .debug_frame   0x00000000000003e0      0x124 ./Core/Src/stm32f4xx_it.o
 .debug_frame   0x0000000000000504       0x58 ./Core/Src/system_stm32f4xx.o
 .debug_frame   0x000000000000055c      0x374 ./Drivers/STM32F4xx_HAL_Driver/Src/stm32f4xx_hal.o
 .debug_frame   0x00000000000008d0      0x498 ./Drivers/STM32F4xx_HAL_Driver/Src/stm32f4xx_hal_cortex.o
 .debug_frame   0x0000000000000d68      0x14c ./Drivers/STM32F4xx_HAL_Driver/Src/stm32f4xx_hal_gpio.o
 .debug_frame   0x0000000000000eb4      0x1f4 ./Drivers/STM32F4xx_HAL_Driver/Src/stm32f4xx_hal_rcc.o
 .debug_frame   0x00000000000010a8      0x824 ./Drivers/STM32F4xx_HAL_Driver/Src/stm32f4xx_hal_spi.o
 .debug_frame   0x00000000000018cc       0x4c ./FATFS/App/fatfs.o
 .debug_frame   0x0000000000001918       0xc4 ./FATFS/Target/user_diskio.o
 .debug_frame   0x00000000000019dc       0xec ./Middlewares/Third_Party/FatFs/src/diskio.o
 .debug_frame   0x0000000000001ac8      0xa0c ./Middlewares/Third_Party/FatFs/src/ff.o
 .debug_frame   0x00000000000024d4       0xc8 ./Middlewares/Third_Party/FatFs/src/ff_gen_drv.o
 .debug_frame   0x000000000000259c       0x60 ./Middlewares/Third_Party/FatFs/src/option/ccsbcs.o
 .debug_frame   0x00000000000025fc       0x2c c:/st/stm32cubeide_1.12.0/stm32cubeide/plugins/com.st.stm32cube.ide.mcu.externaltools.gnu-tools-for-stm32.10.3-2021.10.win32_1.0.200.202301161003/tools/bin/../lib/gcc/arm-none-eabi/10.3.1/../../../../arm-none-eabi/lib/thumb/v7e-m+fp/hard\libc_nano.a(lib_a-init.o)
 .debug_frame   0x0000000000002628       0x20 c:/st/stm32cubeide_1.12.0/stm32cubeide/plugins/com.st.stm32cube.ide.mcu.externaltools.gnu-tools-for-stm32.10.3-2021.10.win32_1.0.200.202301161003/tools/bin/../lib/gcc/arm-none-eabi/10.3.1/../../../../arm-none-eabi/lib/thumb/v7e-m+fp/hard\libc_nano.a(lib_a-memset.o)
 .debug_frame   0x0000000000002648       0x30 c:/st/stm32cubeide_1.12.0/stm32cubeide/plugins/com.st.stm32cube.ide.mcu.externaltools.gnu-tools-for-stm32.10.3-2021.10.win32_1.0.200.202301161003/tools/bin/../lib/gcc/arm-none-eabi/10.3.1/thumb/v7e-m+fp/hard\libgcc.a(_arm_muldf3.o)
 .debug_frame   0x0000000000002678       0xac c:/st/stm32cubeide_1.12.0/stm32cubeide/plugins/com.st.stm32cube.ide.mcu.externaltools.gnu-tools-for-stm32.10.3-2021.10.win32_1.0.200.202301161003/tools/bin/../lib/gcc/arm-none-eabi/10.3.1/thumb/v7e-m+fp/hard\libgcc.a(_arm_addsubdf3.o)
 .debug_frame   0x0000000000002724       0x24 c:/st/stm32cubeide_1.12.0/stm32cubeide/plugins/com.st.stm32cube.ide.mcu.externaltools.gnu-tools-for-stm32.10.3-2021.10.win32_1.0.200.202301161003/tools/bin/../lib/gcc/arm-none-eabi/10.3.1/thumb/v7e-m+fp/hard\libgcc.a(_arm_fixunsdfsi.o)
 .debug_frame   0x0000000000002748       0x2c c:/st/stm32cubeide_1.12.0/stm32cubeide/plugins/com.st.stm32cube.ide.mcu.externaltools.gnu-tools-for-stm32.10.3-2021.10.win32_1.0.200.202301161003/tools/bin/../lib/gcc/arm-none-eabi/10.3.1/thumb/v7e-m+fp/hard\libgcc.a(_aeabi_uldivmod.o)
 .debug_frame   0x0000000000002774       0x34 c:/st/stm32cubeide_1.12.0/stm32cubeide/plugins/com.st.stm32cube.ide.mcu.externaltools.gnu-tools-for-stm32.10.3-2021.10.win32_1.0.200.202301161003/tools/bin/../lib/gcc/arm-none-eabi/10.3.1/thumb/v7e-m+fp/hard\libgcc.a(_udivmoddi4.o)
