Archive member included to satisfy reference by file (symbol)

c:/st/stm32cubeide_1.12.0/stm32cubeide/plugins/com.st.stm32cube.ide.mcu.externaltools.gnu-tools-for-stm32.10.3-2021.10.win32_1.0.200.202301161003/tools/bin/../lib/gcc/arm-none-eabi/10.3.1/../../../../arm-none-eabi/lib/thumb/v7e-m+fp/hard\libc_nano.a(lib_a-errno.o)
                              ./Core/Src/syscalls.o (__errno)
c:/st/stm32cubeide_1.12.0/stm32cubeide/plugins/com.st.stm32cube.ide.mcu.externaltools.gnu-tools-for-stm32.10.3-2021.10.win32_1.0.200.202301161003/tools/bin/../lib/gcc/arm-none-eabi/10.3.1/../../../../arm-none-eabi/lib/thumb/v7e-m+fp/hard\libc_nano.a(lib_a-exit.o)
                              c:/st/stm32cubeide_1.12.0/stm32cubeide/plugins/com.st.stm32cube.ide.mcu.externaltools.gnu-tools-for-stm32.10.3-2021.10.win32_1.0.200.202301161003/tools/bin/../lib/gcc/arm-none-eabi/10.3.1/../../../../arm-none-eabi/lib/thumb/v7e-m+fp/hard/crt0.o (exit)
c:/st/stm32cubeide_1.12.0/stm32cubeide/plugins/com.st.stm32cube.ide.mcu.externaltools.gnu-tools-for-stm32.10.3-2021.10.win32_1.0.200.202301161003/tools/bin/../lib/gcc/arm-none-eabi/10.3.1/../../../../arm-none-eabi/lib/thumb/v7e-m+fp/hard\libc_nano.a(lib_a-impure.o)
                              c:/st/stm32cubeide_1.12.0/stm32cubeide/plugins/com.st.stm32cube.ide.mcu.externaltools.gnu-tools-for-stm32.10.3-2021.10.win32_1.0.200.202301161003/tools/bin/../lib/gcc/arm-none-eabi/10.3.1/../../../../arm-none-eabi/lib/thumb/v7e-m+fp/hard\libc_nano.a(lib_a-exit.o) (_global_impure_ptr)
c:/st/stm32cubeide_1.12.0/stm32cubeide/plugins/com.st.stm32cube.ide.mcu.externaltools.gnu-tools-for-stm32.10.3-2021.10.win32_1.0.200.202301161003/tools/bin/../lib/gcc/arm-none-eabi/10.3.1/../../../../arm-none-eabi/lib/thumb/v7e-m+fp/hard\libc_nano.a(lib_a-init.o)
                              c:/st/stm32cubeide_1.12.0/stm32cubeide/plugins/com.st.stm32cube.ide.mcu.externaltools.gnu-tools-for-stm32.10.3-2021.10.win32_1.0.200.202301161003/tools/bin/../lib/gcc/arm-none-eabi/10.3.1/../../../../arm-none-eabi/lib/thumb/v7e-m+fp/hard/crt0.o (__libc_init_array)
c:/st/stm32cubeide_1.12.0/stm32cubeide/plugins/com.st.stm32cube.ide.mcu.externaltools.gnu-tools-for-stm32.10.3-2021.10.win32_1.0.200.202301161003/tools/bin/../lib/gcc/arm-none-eabi/10.3.1/../../../../arm-none-eabi/lib/thumb/v7e-m+fp/hard\libc_nano.a(lib_a-memset.o)
                              c:/st/stm32cubeide_1.12.0/stm32cubeide/plugins/com.st.stm32cube.ide.mcu.externaltools.gnu-tools-for-stm32.10.3-2021.10.win32_1.0.200.202301161003/tools/bin/../lib/gcc/arm-none-eabi/10.3.1/../../../../arm-none-eabi/lib/thumb/v7e-m+fp/hard/crt0.o (memset)
c:/st/stm32cubeide_1.12.0/stm32cubeide/plugins/com.st.stm32cube.ide.mcu.externaltools.gnu-tools-for-stm32.10.3-2021.10.win32_1.0.200.202301161003/tools/bin/../lib/gcc/arm-none-eabi/10.3.1/thumb/v7e-m+fp/hard\libgcc.a(_aeabi_uldivmod.o)
                              ./Drivers/STM32F4xx_HAL_Driver/Src/stm32f4xx_hal_rcc.o (__aeabi_uldivmod)
c:/st/stm32cubeide_1.12.0/stm32cubeide/plugins/com.st.stm32cube.ide.mcu.externaltools.gnu-tools-for-stm32.10.3-2021.10.win32_1.0.200.202301161003/tools/bin/../lib/gcc/arm-none-eabi/10.3.1/thumb/v7e-m+fp/hard\libgcc.a(_udivmoddi4.o)
                              c:/st/stm32cubeide_1.12.0/stm32cubeide/plugins/com.st.stm32cube.ide.mcu.externaltools.gnu-tools-for-stm32.10.3-2021.10.win32_1.0.200.202301161003/tools/bin/../lib/gcc/arm-none-eabi/10.3.1/thumb/v7e-m+fp/hard\libgcc.a(_aeabi_uldivmod.o) (__udivmoddi4)
c:/st/stm32cubeide_1.12.0/stm32cubeide/plugins/com.st.stm32cube.ide.mcu.externaltools.gnu-tools-for-stm32.10.3-2021.10.win32_1.0.200.202301161003/tools/bin/../lib/gcc/arm-none-eabi/10.3.1/thumb/v7e-m+fp/hard\libgcc.a(_dvmd_tls.o)
                              c:/st/stm32cubeide_1.12.0/stm32cubeide/plugins/com.st.stm32cube.ide.mcu.externaltools.gnu-tools-for-stm32.10.3-2021.10.win32_1.0.200.202301161003/tools/bin/../lib/gcc/arm-none-eabi/10.3.1/thumb/v7e-m+fp/hard\libgcc.a(_aeabi_uldivmod.o) (__aeabi_ldiv0)

Discarded input sections

 .text          0x0000000000000000        0x0 c:/st/stm32cubeide_1.12.0/stm32cubeide/plugins/com.st.stm32cube.ide.mcu.externaltools.gnu-tools-for-stm32.10.3-2021.10.win32_1.0.200.202301161003/tools/bin/../lib/gcc/arm-none-eabi/10.3.1/thumb/v7e-m+fp/hard/crti.o
 .data          0x0000000000000000        0x0 c:/st/stm32cubeide_1.12.0/stm32cubeide/plugins/com.st.stm32cube.ide.mcu.externaltools.gnu-tools-for-stm32.10.3-2021.10.win32_1.0.200.202301161003/tools/bin/../lib/gcc/arm-none-eabi/10.3.1/thumb/v7e-m+fp/hard/crti.o
 .bss           0x0000000000000000        0x0 c:/st/stm32cubeide_1.12.0/stm32cubeide/plugins/com.st.stm32cube.ide.mcu.externaltools.gnu-tools-for-stm32.10.3-2021.10.win32_1.0.200.202301161003/tools/bin/../lib/gcc/arm-none-eabi/10.3.1/thumb/v7e-m+fp/hard/crti.o
[...]
Memory Configuration

Name             Origin             Length             Attributes
CCMRAM           0x0000000010000000 0x0000000000010000 xrw
RAM              0x0000000020000000 0x0000000000020000 xrw
FLASH            0x0000000008000000 0x0000000000100000 xr
*default*        0x0000000000000000 0xffffffffffffffff

Linker script and memory map

LOAD c:/st/stm32cubeide_1.12.0/stm32cubeide/plugins/com.st.stm32cube.ide.mcu.externaltools.gnu-tools-for-stm32.10.3-2021.10.win32_1.0.200.202301161003/tools/bin/../lib/gcc/arm-none-eabi/10.3.1/thumb/v7e-m+fp/hard/crti.o
LOAD c:/st/stm32cubeide_1.12.0/stm32cubeide/plugins/com.st.stm32cube.ide.mcu.externaltools.gnu-tools-for-stm32.10.3-2021.10.win32_1.0.200.202301161003/tools/bin/../lib/gcc/arm-none-eabi/10.3.1/thumb/v7e-m+fp/hard/crtbegin.o
LOAD c:/st/stm32cubeide_1.12.0/stm32cubeide/plugins/com.st.stm32cube.ide.mcu.externaltools.gnu-tools-for-stm32.10.3-2021.10.win32_1.0.200.202301161003/tools/bin/../lib/gcc/arm-none-eabi/10.3.1/../../../../arm-none-eabi/lib/thumb/v7e-m+fp/hard/crt0.o
LOAD ./Core/Src/bmp180.o
LOAD ./Core/Src/main.o
LOAD ./Core/Src/stm32f4xx_hal_msp.o
LOAD ./Core/Src/stm32f4xx_it.o
LOAD ./Core/Src/syscalls.o
LOAD ./Core/Src/sysmem.o
LOAD ./Core/Src/system_stm32f4xx.o
LOAD ./Core/Startup/startup_stm32f407vgtx.o
LOAD ./Drivers/STM32F4xx_HAL_Driver/Src/stm32f4xx_hal.o
LOAD ./Drivers/STM32F4xx_HAL_Driver/Src/stm32f4xx_hal_cortex.o
LOAD ./Drivers/STM32F4xx_HAL_Driver/Src/stm32f4xx_hal_dma.o
LOAD ./Drivers/STM32F4xx_HAL_Driver/Src/stm32f4xx_hal_dma_ex.o
LOAD ./Drivers/STM32F4xx_HAL_Driver/Src/stm32f4xx_hal_exti.o
LOAD ./Drivers/STM32F4xx_HAL_Driver/Src/stm32f4xx_hal_flash.o
LOAD ./Drivers/STM32F4xx_HAL_Driver/Src/stm32f4xx_hal_flash_ex.o
LOAD ./Drivers/STM32F4xx_HAL_Driver/Src/stm32f4xx_hal_flash_ramfunc.o
LOAD ./Drivers/STM32F4xx_HAL_Driver/Src/stm32f4xx_hal_gpio.o
LOAD ./Drivers/STM32F4xx_HAL_Driver/Src/stm32f4xx_hal_i2c.o
LOAD ./Drivers/STM32F4xx_HAL_Driver/Src/stm32f4xx_hal_i2c_ex.o
LOAD ./Drivers/STM32F4xx_HAL_Driver/Src/stm32f4xx_hal_pwr.o
LOAD ./Drivers/STM32F4xx_HAL_Driver/Src/stm32f4xx_hal_pwr_ex.o
LOAD ./Drivers/STM32F4xx_HAL_Driver/Src/stm32f4xx_hal_rcc.o
LOAD ./Drivers/STM32F4xx_HAL_Driver/Src/stm32f4xx_hal_rcc_ex.o
LOAD ./Drivers/STM32F4xx_HAL_Driver/Src/stm32f4xx_hal_tim.o
LOAD ./Drivers/STM32F4xx_HAL_Driver/Src/stm32f4xx_hal_tim_ex.o
START GROUP
LOAD c:/st/stm32cubeide_1.12.0/stm32cubeide/plugins/com.st.stm32cube.ide.mcu.externaltools.gnu-tools-for-stm32.10.3-2021.10.win32_1.0.200.202301161003/tools/bin/../lib/gcc/arm-none-eabi/10.3.1/../../../../arm-none-eabi/lib/thumb/v7e-m+fp/hard\libc_nano.a
LOAD c:/st/stm32cubeide_1.12.0/stm32cubeide/plugins/com.st.stm32cube.ide.mcu.externaltools.gnu-tools-for-stm32.10.3-2021.10.win32_1.0.200.202301161003/tools/bin/../lib/gcc/arm-none-eabi/10.3.1/../../../../arm-none-eabi/lib/thumb/v7e-m+fp/hard\libm.a
END GROUP
START GROUP
LOAD c:/st/stm32cubeide_1.12.0/stm32cubeide/plugins/com.st.stm32cube.ide.mcu.externaltools.gnu-tools-for-stm32.10.3-2021.10.win32_1.0.200.202301161003/tools/bin/../lib/gcc/arm-none-eabi/10.3.1/thumb/v7e-m+fp/hard\libgcc.a
LOAD c:/st/stm32cubeide_1.12.0/stm32cubeide/plugins/com.st.stm32cube.ide.mcu.externaltools.gnu-tools-for-stm32.10.3-2021.10.win32_1.0.200.202301161003/tools/bin/../lib/gcc/arm-none-eabi/10.3.1/../../../../arm-none-eabi/lib/thumb/v7e-m+fp/hard\libc_nano.a
END GROUP
START GROUP
LOAD c:/st/stm32cubeide_1.12.0/stm32cubeide/plugins/com.st.stm32cube.ide.mcu.externaltools.gnu-tools-for-stm32.10.3-2021.10.win32_1.0.200.202301161003/tools/bin/../lib/gcc/arm-none-eabi/10.3.1/thumb/v7e-m+fp/hard\libgcc.a
LOAD c:/st/stm32cubeide_1.12.0/stm32cubeide/plugins/com.st.stm32cube.ide.mcu.externaltools.gnu-tools-for-stm32.10.3-2021.10.win32_1.0.200.202301161003/tools/bin/../lib/gcc/arm-none-eabi/10.3.1/../../../../arm-none-eabi/lib/thumb/v7e-m+fp/hard\libc_nano.a
LOAD c:/st/stm32cubeide_1.12.0/stm32cubeide/plugins/com.st.stm32cube.ide.mcu.externaltools.gnu-tools-for-stm32.10.3-2021.10.win32_1.0.200.202301161003/tools/bin/../lib/gcc/arm-none-eabi/10.3.1/../../../../arm-none-eabi/lib/thumb/v7e-m+fp/hard\libnosys.a
END GROUP
START GROUP
LOAD c:/st/stm32cubeide_1.12.0/stm32cubeide/plugins/com.st.stm32cube.ide.mcu.externaltools.gnu-tools-for-stm32.10.3-2021.10.win32_1.0.200.202301161003/tools/bin/../lib/gcc/arm-none-eabi/10.3.1/thumb/v7e-m+fp/hard\libgcc.a
LOAD c:/st/stm32cubeide_1.12.0/stm32cubeide/plugins/com.st.stm32cube.ide.mcu.externaltools.gnu-tools-for-stm32.10.3-2021.10.win32_1.0.200.202301161003/tools/bin/../lib/gcc/arm-none-eabi/10.3.1/../../../../arm-none-eabi/lib/thumb/v7e-m+fp/hard\libc_nano.a
LOAD c:/st/stm32cubeide_1.12.0/stm32cubeide/plugins/com.st.stm32cube.ide.mcu.externaltools.gnu-tools-for-stm32.10.3-2021.10.win32_1.0.200.202301161003/tools/bin/../lib/gcc/arm-none-eabi/10.3.1/../../../../arm-none-eabi/lib/thumb/v7e-m+fp/hard\libnosys.a
END GROUP
LOAD c:/st/stm32cubeide_1.12.0/stm32cubeide/plugins/com.st.stm32cube.ide.mcu.externaltools.gnu-tools-for-stm32.10.3-2021.10.win32_1.0.200.202301161003/tools/bin/../lib/gcc/arm-none-eabi/10.3.1/thumb/v7e-m+fp/hard/crtend.o
LOAD c:/st/stm32cubeide_1.12.0/stm32cubeide/plugins/com.st.stm32cube.ide.mcu.externaltools.gnu-tools-for-stm32.10.3-2021.10.win32_1.0.200.202301161003/tools/bin/../lib/gcc/arm-none-eabi/10.3.1/thumb/v7e-m+fp/hard/crtn.o
                0x0000000020020000                _estack = (ORIGIN (RAM) + LENGTH (RAM))
                0x0000000000000200                _Min_Heap_Size = 0x200
                0x0000000000000400                _Min_Stack_Size = 0x400

.isr_vector     0x0000000008000000      0x188
                0x0000000008000000                . = ALIGN (0x4)
 *(.isr_vector)
 .isr_vector    0x0000000008000000      0x188 ./Core/Startup/startup_stm32f407vgtx.o
                0x0000000008000000                g_pfnVectors
                0x0000000008000188                . = ALIGN (0x4)

.text           0x0000000008000188     0x30a4
                0x0000000008000188                . = ALIGN (0x4)
 *(.text)
 .text          0x0000000008000188       0x40 c:/st/stm32cubeide_1.12.0/stm32cubeide/plugins/com.st.stm32cube.ide.mcu.externaltools.gnu-tools-for-stm32.10.3-2021.10.win32_1.0.200.202301161003/tools/bin/../lib/gcc/arm-none-eabi/10.3.1/thumb/v7e-m+fp/hard/crtbegin.o
 .text          0x00000000080001c8       0x30 c:/st/stm32cubeide_1.12.0/stm32cubeide/plugins/com.st.stm32cube.ide.mcu.externaltools.gnu-tools-for-stm32.10.3-2021.10.win32_1.0.200.202301161003/tools/bin/../lib/gcc/arm-none-eabi/10.3.1/thumb/v7e-m+fp/hard\libgcc.a(_aeabi_uldivmod.o)
                0x00000000080001c8                __aeabi_uldivmod
 .text          0x00000000080001f8      0x2d0 c:/st/stm32cubeide_1.12.0/stm32cubeide/plugins/com.st.stm32cube.ide.mcu.externaltools.gnu-tools-for-stm32.10.3-2021.10.win32_1.0.200.202301161003/tools/bin/../lib/gcc/arm-none-eabi/10.3.1/thumb/v7e-m+fp/hard\libgcc.a(_udivmoddi4.o)
                0x00000000080001f8                __udivmoddi4
 .text          0x00000000080004c8        0x4 c:/st/stm32cubeide_1.12.0/stm32cubeide/plugins/com.st.stm32cube.ide.mcu.externaltools.gnu-tools-for-stm32.10.3-2021.10.win32_1.0.200.202301161003/tools/bin/../lib/gcc/arm-none-eabi/10.3.1/thumb/v7e-m+fp/hard\libgcc.a(_dvmd_tls.o)
                0x00000000080004c8                __aeabi_idiv0
                0x00000000080004c8                __aeabi_ldiv0
 *(.text*)
 .text.bmp180_init
                0x00000000080004cc       0x38 ./Core/Src/bmp180.o
                0x00000000080004cc                bmp180_init
 .text.bmp180_get_calibration_value
                0x0000000008000504      0x21c ./Core/Src/bmp180.o
                0x0000000008000504                bmp180_get_calibration_value
 .text.bmp180_get_uncompensated_temperature
                0x0000000008000720       0x70 ./Core/Src/bmp180.o
                0x0000000008000720                bmp180_get_uncompensated_temperature
 .text.bmp180_get_temperature
                0x0000000008000790       0x98 ./Core/Src/bmp180.o
                0x0000000008000790                bmp180_get_temperature
 .text.bmp180_get_uncompensated_pressure
                0x0000000008000828       0x7c ./Core/Src/bmp180.o
                0x0000000008000828                bmp180_get_uncompensated_pressure
 .text.bmp180_get_pressure
                0x00000000080008a4      0x22c ./Core/Src/bmp180.o
                0x00000000080008a4                bmp180_get_pressure
 .text.main     0x0000000008000ad0       0x22 ./Core/Src/main.o
                0x0000000008000ad0                main
 *fill*         0x0000000008000af2        0x2 
 .text.SystemClock_Config
                0x0000000008000af4       0xd4 ./Core/Src/main.o
                0x0000000008000af4                SystemClock_Config
 .text.MX_I2C1_Init
                0x0000000008000bc8       0x5c ./Core/Src/main.o
 .text.MX_GPIO_Init
                0x0000000008000c24      0x298 ./Core/Src/main.o
 .text.Error_Handler
                0x0000000008000ebc        0xa ./Core/Src/main.o
                0x0000000008000ebc                Error_Handler
 *fill*         0x0000000008000ec6        0x2 
 .text.HAL_MspInit
                0x0000000008000ec8       0x50 ./Core/Src/stm32f4xx_hal_msp.o
                0x0000000008000ec8                HAL_MspInit
 .text.HAL_I2C_MspInit
                0x0000000008000f18       0x90 ./Core/Src/stm32f4xx_hal_msp.o
                0x0000000008000f18                HAL_I2C_MspInit
 .text.NMI_Handler
                0x0000000008000fa8        0x6 ./Core/Src/stm32f4xx_it.o
                0x0000000008000fa8                NMI_Handler
 .text.HardFault_Handler
                0x0000000008000fae        0x6 ./Core/Src/stm32f4xx_it.o
                0x0000000008000fae                HardFault_Handler
 .text.MemManage_Handler
                0x0000000008000fb4        0x6 ./Core/Src/stm32f4xx_it.o
                0x0000000008000fb4                MemManage_Handler
 .text.BusFault_Handler
                0x0000000008000fba        0x6 ./Core/Src/stm32f4xx_it.o
                0x0000000008000fba                BusFault_Handler
 .text.UsageFault_Handler
                0x0000000008000fc0        0x6 ./Core/Src/stm32f4xx_it.o
                0x0000000008000fc0                UsageFault_Handler
 .text.SVC_Handler
                0x0000000008000fc6        0xe ./Core/Src/stm32f4xx_it.o
                0x0000000008000fc6                SVC_Handler
 .text.DebugMon_Handler
                0x0000000008000fd4        0xe ./Core/Src/stm32f4xx_it.o
                0x0000000008000fd4                DebugMon_Handler
 .text.PendSV_Handler
                0x0000000008000fe2        0xe ./Core/Src/stm32f4xx_it.o
                0x0000000008000fe2                PendSV_Handler
 .text.SysTick_Handler
                0x0000000008000ff0        0xc ./Core/Src/stm32f4xx_it.o
                0x0000000008000ff0                SysTick_Handler
 .text.SystemInit
                0x0000000008000ffc       0x24 ./Core/Src/system_stm32f4xx.o
                0x0000000008000ffc                SystemInit
 .text.Reset_Handler
                0x0000000008001020       0x50 ./Core/Startup/startup_stm32f407vgtx.o
                0x0000000008001020                Reset_Handler
 .text.Default_Handler
                0x0000000008001070        0x2 ./Core/Startup/startup_stm32f407vgtx.o
                0x0000000008001070                RTC_Alarm_IRQHandler
                0x0000000008001070                HASH_RNG_IRQHandler
                0x0000000008001070                EXTI2_IRQHandler
                0x0000000008001070                TIM8_CC_IRQHandler
                0x0000000008001070                TIM1_CC_IRQHandler
                0x0000000008001070                DMA2_Stream5_IRQHandler
                0x0000000008001070                DMA1_Stream5_IRQHandler
                0x0000000008001070                PVD_IRQHandler
                0x0000000008001070                SDIO_IRQHandler
                0x0000000008001070                TAMP_STAMP_IRQHandler
                0x0000000008001070                CAN2_RX1_IRQHandler
                0x0000000008001070                EXTI3_IRQHandler
                0x0000000008001070                TIM8_TRG_COM_TIM14_IRQHandler
                0x0000000008001070                TIM1_UP_TIM10_IRQHandler
                0x0000000008001070                TIM8_UP_TIM13_IRQHandler
                0x0000000008001070                I2C3_ER_IRQHandler
                0x0000000008001070                EXTI0_IRQHandler
                0x0000000008001070                I2C2_EV_IRQHandler
                0x0000000008001070                DMA1_Stream2_IRQHandler
                0x0000000008001070                CAN1_RX0_IRQHandler
                0x0000000008001070                FPU_IRQHandler
                0x0000000008001070                OTG_HS_WKUP_IRQHandler
                0x0000000008001070                CAN2_SCE_IRQHandler
                0x0000000008001070                DMA2_Stream2_IRQHandler
                0x0000000008001070                SPI1_IRQHandler
                0x0000000008001070                TIM6_DAC_IRQHandler
                0x0000000008001070                TIM1_BRK_TIM9_IRQHandler
                0x0000000008001070                DCMI_IRQHandler
                0x0000000008001070                CAN2_RX0_IRQHandler
                0x0000000008001070                DMA2_Stream3_IRQHandler
                0x0000000008001070                USART6_IRQHandler
                0x0000000008001070                USART3_IRQHandler
                0x0000000008001070                CAN1_RX1_IRQHandler
                0x0000000008001070                UART5_IRQHandler
                0x0000000008001070                DMA2_Stream0_IRQHandler
                0x0000000008001070                TIM4_IRQHandler
                0x0000000008001070                I2C1_EV_IRQHandler
                0x0000000008001070                DMA1_Stream6_IRQHandler
                0x0000000008001070                DMA1_Stream1_IRQHandler
                0x0000000008001070                UART4_IRQHandler
                0x0000000008001070                TIM3_IRQHandler
                0x0000000008001070                RCC_IRQHandler
                0x0000000008001070                TIM8_BRK_TIM12_IRQHandler
                0x0000000008001070                Default_Handler
                0x0000000008001070                EXTI15_10_IRQHandler
                0x0000000008001070                ADC_IRQHandler
                0x0000000008001070                DMA1_Stream7_IRQHandler
                0x0000000008001070                TIM7_IRQHandler
                0x0000000008001070                CAN2_TX_IRQHandler
                0x0000000008001070                TIM5_IRQHandler
                0x0000000008001070                DMA2_Stream7_IRQHandler
                0x0000000008001070                I2C3_EV_IRQHandler
                0x0000000008001070                EXTI9_5_IRQHandler
                0x0000000008001070                RTC_WKUP_IRQHandler
                0x0000000008001070                ETH_WKUP_IRQHandler
                0x0000000008001070                SPI2_IRQHandler
                0x0000000008001070                OTG_HS_EP1_IN_IRQHandler
                0x0000000008001070                DMA1_Stream0_IRQHandler
                0x0000000008001070                CAN1_TX_IRQHandler
                0x0000000008001070                EXTI4_IRQHandler
                0x0000000008001070                FSMC_IRQHandler
                0x0000000008001070                ETH_IRQHandler
                0x0000000008001070                OTG_HS_EP1_OUT_IRQHandler
                0x0000000008001070                WWDG_IRQHandler
                0x0000000008001070                TIM2_IRQHandler
                0x0000000008001070                OTG_FS_WKUP_IRQHandler
                0x0000000008001070                TIM1_TRG_COM_TIM11_IRQHandler
                0x0000000008001070                OTG_HS_IRQHandler
                0x0000000008001070                EXTI1_IRQHandler
                0x0000000008001070                USART2_IRQHandler
                0x0000000008001070                I2C2_ER_IRQHandler
                0x0000000008001070                DMA2_Stream1_IRQHandler
                0x0000000008001070                CAN1_SCE_IRQHandler
                0x0000000008001070                FLASH_IRQHandler
                0x0000000008001070                DMA2_Stream4_IRQHandler
                0x0000000008001070                USART1_IRQHandler
                0x0000000008001070                OTG_FS_IRQHandler
                0x0000000008001070                SPI3_IRQHandler
                0x0000000008001070                DMA1_Stream4_IRQHandler
                0x0000000008001070                I2C1_ER_IRQHandler
                0x0000000008001070                DMA2_Stream6_IRQHandler
                0x0000000008001070                DMA1_Stream3_IRQHandler
 *fill*         0x0000000008001072        0x2 
 .text.HAL_Init
                0x0000000008001074       0x44 ./Drivers/STM32F4xx_HAL_Driver/Src/stm32f4xx_hal.o
                0x0000000008001074                HAL_Init
 .text.HAL_InitTick
                0x00000000080010b8       0x60 ./Drivers/STM32F4xx_HAL_Driver/Src/stm32f4xx_hal.o
                0x00000000080010b8                HAL_InitTick
 .text.HAL_IncTick
                0x0000000008001118       0x28 ./Drivers/STM32F4xx_HAL_Driver/Src/stm32f4xx_hal.o
                0x0000000008001118                HAL_IncTick
 .text.HAL_GetTick
                0x0000000008001140       0x18 ./Drivers/STM32F4xx_HAL_Driver/Src/stm32f4xx_hal.o
                0x0000000008001140                HAL_GetTick
 .text.HAL_Delay
                0x0000000008001158       0x48 ./Drivers/STM32F4xx_HAL_Driver/Src/stm32f4xx_hal.o
                0x0000000008001158                HAL_Delay
 .text.__NVIC_SetPriorityGrouping
                0x00000000080011a0       0x48 ./Drivers/STM32F4xx_HAL_Driver/Src/stm32f4xx_hal_cortex.o
 .text.__NVIC_GetPriorityGrouping
                0x00000000080011e8       0x1c ./Drivers/STM32F4xx_HAL_Driver/Src/stm32f4xx_hal_cortex.o
 .text.__NVIC_SetPriority
                0x0000000008001204       0x54 ./Drivers/STM32F4xx_HAL_Driver/Src/stm32f4xx_hal_cortex.o
 .text.NVIC_EncodePriority
                0x0000000008001258       0x66 ./Drivers/STM32F4xx_HAL_Driver/Src/stm32f4xx_hal_cortex.o
 *fill*         0x00000000080012be        0x2 
 .text.SysTick_Config
                0x00000000080012c0       0x44 ./Drivers/STM32F4xx_HAL_Driver/Src/stm32f4xx_hal_cortex.o
 .text.HAL_NVIC_SetPriorityGrouping
                0x0000000008001304       0x16 ./Drivers/STM32F4xx_HAL_Driver/Src/stm32f4xx_hal_cortex.o
                0x0000000008001304                HAL_NVIC_SetPriorityGrouping
 .text.HAL_NVIC_SetPriority
                0x000000000800131a       0x38 ./Drivers/STM32F4xx_HAL_Driver/Src/stm32f4xx_hal_cortex.o
                0x000000000800131a                HAL_NVIC_SetPriority
 .text.HAL_SYSTICK_Config
                0x0000000008001352       0x18 ./Drivers/STM32F4xx_HAL_Driver/Src/stm32f4xx_hal_cortex.o
                0x0000000008001352                HAL_SYSTICK_Config
 *fill*         0x000000000800136a        0x2 
 .text.HAL_GPIO_Init
                0x000000000800136c      0x338 ./Drivers/STM32F4xx_HAL_Driver/Src/stm32f4xx_hal_gpio.o
                0x000000000800136c                HAL_GPIO_Init
 .text.HAL_GPIO_WritePin
                0x00000000080016a4       0x32 ./Drivers/STM32F4xx_HAL_Driver/Src/stm32f4xx_hal_gpio.o
                0x00000000080016a4                HAL_GPIO_WritePin
 *fill*         0x00000000080016d6        0x2 
 .text.HAL_I2C_Init
                0x00000000080016d8      0x288 ./Drivers/STM32F4xx_HAL_Driver/Src/stm32f4xx_hal_i2c.o
                0x00000000080016d8                HAL_I2C_Init
 .text.HAL_I2C_Mem_Write
                0x0000000008001960      0x1f4 ./Drivers/STM32F4xx_HAL_Driver/Src/stm32f4xx_hal_i2c.o
                0x0000000008001960                HAL_I2C_Mem_Write
 .text.HAL_I2C_Mem_Read
                0x0000000008001b54      0x44c ./Drivers/STM32F4xx_HAL_Driver/Src/stm32f4xx_hal_i2c.o
                0x0000000008001b54                HAL_I2C_Mem_Read
 .text.HAL_I2C_IsDeviceReady
                0x0000000008001fa0      0x25c ./Drivers/STM32F4xx_HAL_Driver/Src/stm32f4xx_hal_i2c.o
                0x0000000008001fa0                HAL_I2C_IsDeviceReady
 .text.I2C_RequestMemoryWrite
                0x00000000080021fc      0x12c ./Drivers/STM32F4xx_HAL_Driver/Src/stm32f4xx_hal_i2c.o
 .text.I2C_RequestMemoryRead
                0x0000000008002328      0x1d0 ./Drivers/STM32F4xx_HAL_Driver/Src/stm32f4xx_hal_i2c.o
 .text.I2C_WaitOnFlagUntilTimeout
                0x00000000080024f8       0xae ./Drivers/STM32F4xx_HAL_Driver/Src/stm32f4xx_hal_i2c.o
 .text.I2C_WaitOnMasterAddressFlagUntilTimeout
                0x00000000080025a6       0xfe ./Drivers/STM32F4xx_HAL_Driver/Src/stm32f4xx_hal_i2c.o
 .text.I2C_WaitOnTXEFlagUntilTimeout
                0x00000000080026a4       0x82 ./Drivers/STM32F4xx_HAL_Driver/Src/stm32f4xx_hal_i2c.o
 .text.I2C_WaitOnBTFFlagUntilTimeout
                0x0000000008002726       0x82 ./Drivers/STM32F4xx_HAL_Driver/Src/stm32f4xx_hal_i2c.o
 .text.I2C_WaitOnRXNEFlagUntilTimeout
                0x00000000080027a8       0xac ./Drivers/STM32F4xx_HAL_Driver/Src/stm32f4xx_hal_i2c.o
 .text.I2C_IsAcknowledgeFailed
                0x0000000008002854       0x5e ./Drivers/STM32F4xx_HAL_Driver/Src/stm32f4xx_hal_i2c.o
 *fill*         0x00000000080028b2        0x2 
 .text.HAL_RCC_OscConfig
                0x00000000080028b4      0x4f0 ./Drivers/STM32F4xx_HAL_Driver/Src/stm32f4xx_hal_rcc.o
                0x00000000080028b4                HAL_RCC_OscConfig
 .text.HAL_RCC_ClockConfig
                0x0000000008002da4      0x1cc ./Drivers/STM32F4xx_HAL_Driver/Src/stm32f4xx_hal_rcc.o
                0x0000000008002da4                HAL_RCC_ClockConfig
 .text.HAL_RCC_GetSysClockFreq
                0x0000000008002f70      0x20c ./Drivers/STM32F4xx_HAL_Driver/Src/stm32f4xx_hal_rcc.o
                0x0000000008002f70                HAL_RCC_GetSysClockFreq
 .text.HAL_RCC_GetHCLKFreq
                0x000000000800317c       0x18 ./Drivers/STM32F4xx_HAL_Driver/Src/stm32f4xx_hal_rcc.o
                0x000000000800317c                HAL_RCC_GetHCLKFreq
 .text.HAL_RCC_GetPCLK1Freq
                0x0000000008003194       0x28 ./Drivers/STM32F4xx_HAL_Driver/Src/stm32f4xx_hal_rcc.o
                0x0000000008003194                HAL_RCC_GetPCLK1Freq
 .text.__libc_init_array
                0x00000000080031bc       0x48 c:/st/stm32cubeide_1.12.0/stm32cubeide/plugins/com.st.stm32cube.ide.mcu.externaltools.gnu-tools-for-stm32.10.3-2021.10.win32_1.0.200.202301161003/tools/bin/../lib/gcc/arm-none-eabi/10.3.1/../../../../arm-none-eabi/lib/thumb/v7e-m+fp/hard\libc_nano.a(lib_a-init.o)
                0x00000000080031bc                __libc_init_array
 .text.memset   0x0000000008003204       0x10 c:/st/stm32cubeide_1.12.0/stm32cubeide/plugins/com.st.stm32cube.ide.mcu.externaltools.gnu-tools-for-stm32.10.3-2021.10.win32_1.0.200.202301161003/tools/bin/../lib/gcc/arm-none-eabi/10.3.1/../../../../arm-none-eabi/lib/thumb/v7e-m+fp/hard\libc_nano.a(lib_a-memset.o)
                0x0000000008003204                memset
 *(.glue_7)
 .glue_7        0x0000000008003214        0x0 linker stubs
 *(.glue_7t)
 .glue_7t       0x0000000008003214        0x0 linker stubs
 *(.eh_frame)
 .eh_frame      0x0000000008003214        0x0 c:/st/stm32cubeide_1.12.0/stm32cubeide/plugins/com.st.stm32cube.ide.mcu.externaltools.gnu-tools-for-stm32.10.3-2021.10.win32_1.0.200.202301161003/tools/bin/../lib/gcc/arm-none-eabi/10.3.1/thumb/v7e-m+fp/hard/crtbegin.o
 *(.init)
 .init          0x0000000008003214        0x4 c:/st/stm32cubeide_1.12.0/stm32cubeide/plugins/com.st.stm32cube.ide.mcu.externaltools.gnu-tools-for-stm32.10.3-2021.10.win32_1.0.200.202301161003/tools/bin/../lib/gcc/arm-none-eabi/10.3.1/thumb/v7e-m+fp/hard/crti.o
                0x0000000008003214                _init
 .init          0x0000000008003218        0x8 c:/st/stm32cubeide_1.12.0/stm32cubeide/plugins/com.st.stm32cube.ide.mcu.externaltools.gnu-tools-for-stm32.10.3-2021.10.win32_1.0.200.202301161003/tools/bin/../lib/gcc/arm-none-eabi/10.3.1/thumb/v7e-m+fp/hard/crtn.o
 *(.fini)
 .fini          0x0000000008003220        0x4 c:/st/stm32cubeide_1.12.0/stm32cubeide/plugins/com.st.stm32cube.ide.mcu.externaltools.gnu-tools-for-stm32.10.3-2021.10.win32_1.0.200.202301161003/tools/bin/../lib/gcc/arm-none-eabi/10.3.1/thumb/v7e-m+fp/hard/crti.o
                0x0000000008003220                _fini
 .fini          0x0000000008003224        0x8 c:/st/stm32cubeide_1.12.0/stm32cubeide/plugins/com.st.stm32cube.ide.mcu.externaltools.gnu-tools-for-stm32.10.3-2021.10.win32_1.0.200.202301161003/tools/bin/../lib/gcc/arm-none-eabi/10.3.1/thumb/v7e-m+fp/hard/crtn.o
                0x000000000800322c                . = ALIGN (0x4)
                0x000000000800322c                _etext = .

.vfp11_veneer   0x000000000800322c        0x0
 .vfp11_veneer  0x000000000800322c        0x0 linker stubs

.v4_bx          0x000000000800322c        0x0
 .v4_bx         0x000000000800322c        0x0 linker stubs

.iplt           0x000000000800322c        0x0
 .iplt          0x000000000800322c        0x0 c:/st/stm32cubeide_1.12.0/stm32cubeide/plugins/com.st.stm32cube.ide.mcu.externaltools.gnu-tools-for-stm32.10.3-2021.10.win32_1.0.200.202301161003/tools/bin/../lib/gcc/arm-none-eabi/10.3.1/thumb/v7e-m+fp/hard/crtbegin.o

.rodata         0x000000000800322c       0x1c
                0x000000000800322c                . = ALIGN (0x4)
 *(.rodata)
 .rodata        0x000000000800322c        0x3 ./Core/Src/bmp180.o
 *(.rodata*)
 *fill*         0x000000000800322f        0x1 
 .rodata.AHBPrescTable
                0x0000000008003230       0x10 ./Core/Src/system_stm32f4xx.o
                0x0000000008003230                AHBPrescTable
 .rodata.APBPrescTable
                0x0000000008003240        0x8 ./Core/Src/system_stm32f4xx.o
                0x0000000008003240                APBPrescTable
                0x0000000008003248                . = ALIGN (0x4)

.ARM.extab      0x0000000008003248        0x0
                0x0000000008003248                . = ALIGN (0x4)
 *(.ARM.extab* .gnu.linkonce.armextab.*)
                0x0000000008003248                . = ALIGN (0x4)

.ARM            0x0000000008003248        0x8
                0x0000000008003248                . = ALIGN (0x4)
                0x0000000008003248                __exidx_start = .
 *(.ARM.exidx*)
 .ARM.exidx     0x0000000008003248        0x8 c:/st/stm32cubeide_1.12.0/stm32cubeide/plugins/com.st.stm32cube.ide.mcu.externaltools.gnu-tools-for-stm32.10.3-2021.10.win32_1.0.200.202301161003/tools/bin/../lib/gcc/arm-none-eabi/10.3.1/thumb/v7e-m+fp/hard\libgcc.a(_udivmoddi4.o)
                0x0000000008003250                __exidx_end = .
                0x0000000008003250                . = ALIGN (0x4)

.rel.dyn        0x0000000008003250        0x0
 .rel.iplt      0x0000000008003250        0x0 c:/st/stm32cubeide_1.12.0/stm32cubeide/plugins/com.st.stm32cube.ide.mcu.externaltools.gnu-tools-for-stm32.10.3-2021.10.win32_1.0.200.202301161003/tools/bin/../lib/gcc/arm-none-eabi/10.3.1/thumb/v7e-m+fp/hard/crtbegin.o

.preinit_array  0x0000000008003250        0x0
                0x0000000008003250                . = ALIGN (0x4)
                0x0000000008003250                PROVIDE (__preinit_array_start = .)
 *(.preinit_array*)
                0x0000000008003250                PROVIDE (__preinit_array_end = .)
                0x0000000008003250                . = ALIGN (0x4)

.init_array     0x0000000008003250        0x4
                0x0000000008003250                . = ALIGN (0x4)
                0x0000000008003250                PROVIDE (__init_array_start = .)
 *(SORT_BY_NAME(.init_array.*))
 *(.init_array*)
 .init_array    0x0000000008003250        0x4 c:/st/stm32cubeide_1.12.0/stm32cubeide/plugins/com.st.stm32cube.ide.mcu.externaltools.gnu-tools-for-stm32.10.3-2021.10.win32_1.0.200.202301161003/tools/bin/../lib/gcc/arm-none-eabi/10.3.1/thumb/v7e-m+fp/hard/crtbegin.o
                0x0000000008003254                PROVIDE (__init_array_end = .)
                0x0000000008003254                . = ALIGN (0x4)

.fini_array     0x0000000008003254        0x4
                0x0000000008003254                . = ALIGN (0x4)
                [!provide]                        PROVIDE (__fini_array_start = .)
 *(SORT_BY_NAME(.fini_array.*))
 *(.fini_array*)
 .fini_array    0x0000000008003254        0x4 c:/st/stm32cubeide_1.12.0/stm32cubeide/plugins/com.st.stm32cube.ide.mcu.externaltools.gnu-tools-for-stm32.10.3-2021.10.win32_1.0.200.202301161003/tools/bin/../lib/gcc/arm-none-eabi/10.3.1/thumb/v7e-m+fp/hard/crtbegin.o
                [!provide]                        PROVIDE (__fini_array_end = .)
                0x0000000008003258                . = ALIGN (0x4)
                0x0000000008003258                _sidata = LOADADDR (.data)

.data           0x0000000020000000        0xc load address 0x0000000008003258
                0x0000000020000000                . = ALIGN (0x4)
                0x0000000020000000                _sdata = .
 *(.data)
 *(.data*)
 .data.SystemCoreClock
                0x0000000020000000        0x4 ./Core/Src/system_stm32f4xx.o
                0x0000000020000000                SystemCoreClock
 .data.uwTickPrio
                0x0000000020000004        0x4 ./Drivers/STM32F4xx_HAL_Driver/Src/stm32f4xx_hal.o
                0x0000000020000004                uwTickPrio
 .data.uwTickFreq
                0x0000000020000008        0x1 ./Drivers/STM32F4xx_HAL_Driver/Src/stm32f4xx_hal.o
                0x0000000020000008                uwTickFreq
 *(.RamFunc)
 *(.RamFunc*)
                0x000000002000000c                . = ALIGN (0x4)
 *fill*         0x0000000020000009        0x3 
                0x000000002000000c                _edata = .
                0x0000000008003264                _siccmram = LOADADDR (.ccmram)

.igot.plt       0x000000002000000c        0x0 load address 0x0000000008003264
 .igot.plt      0x000000002000000c        0x0 c:/st/stm32cubeide_1.12.0/stm32cubeide/plugins/com.st.stm32cube.ide.mcu.externaltools.gnu-tools-for-stm32.10.3-2021.10.win32_1.0.200.202301161003/tools/bin/../lib/gcc/arm-none-eabi/10.3.1/thumb/v7e-m+fp/hard/crtbegin.o

.ccmram         0x0000000010000000        0x0 load address 0x0000000008003264
                0x0000000010000000                . = ALIGN (0x4)
                0x0000000010000000                _sccmram = .
 *(.ccmram)
 *(.ccmram*)
                0x0000000010000000                . = ALIGN (0x4)
                0x0000000010000000                _eccmram = .
                0x0000000010000000                . = ALIGN (0x4)

.bss            0x000000002000000c       0xc0
                0x000000002000000c                _sbss = .
                0x000000002000000c                __bss_start__ = _sbss
 *(.bss)
 .bss           0x000000002000000c       0x1c c:/st/stm32cubeide_1.12.0/stm32cubeide/plugins/com.st.stm32cube.ide.mcu.externaltools.gnu-tools-for-stm32.10.3-2021.10.win32_1.0.200.202301161003/tools/bin/../lib/gcc/arm-none-eabi/10.3.1/thumb/v7e-m+fp/hard/crtbegin.o
 *(.bss*)
 .bss.AC1       0x0000000020000028        0x2 ./Core/Src/bmp180.o
                0x0000000020000028                AC1
 .bss.AC2       0x000000002000002a        0x2 ./Core/Src/bmp180.o
                0x000000002000002a                AC2
 .bss.AC3       0x000000002000002c        0x2 ./Core/Src/bmp180.o
                0x000000002000002c                AC3
 .bss.B1        0x000000002000002e        0x2 ./Core/Src/bmp180.o
                0x000000002000002e                B1
 .bss.B2        0x0000000020000030        0x2 ./Core/Src/bmp180.o
                0x0000000020000030                B2
 .bss.MB        0x0000000020000032        0x2 ./Core/Src/bmp180.o
                0x0000000020000032                MB
 .bss.MC        0x0000000020000034        0x2 ./Core/Src/bmp180.o
                0x0000000020000034                MC
 .bss.MD        0x0000000020000036        0x2 ./Core/Src/bmp180.o
                0x0000000020000036                MD
 .bss.AC4       0x0000000020000038        0x2 ./Core/Src/bmp180.o
                0x0000000020000038                AC4
 .bss.AC5       0x000000002000003a        0x2 ./Core/Src/bmp180.o
                0x000000002000003a                AC5
 .bss.AC6       0x000000002000003c        0x2 ./Core/Src/bmp180.o
                0x000000002000003c                AC6
 .bss.uncompTemp
                0x000000002000003e        0x2 ./Core/Src/bmp180.o
                0x000000002000003e                uncompTemp
 .bss.temp      0x0000000020000040        0x4 ./Core/Src/bmp180.o
                0x0000000020000040                temp
 .bss.tX1       0x0000000020000044        0x4 ./Core/Src/bmp180.o
                0x0000000020000044                tX1
 .bss.tX2       0x0000000020000048        0x4 ./Core/Src/bmp180.o
                0x0000000020000048                tX2
 .bss.tB5       0x000000002000004c        0x4 ./Core/Src/bmp180.o
                0x000000002000004c                tB5
 .bss.uncompPressure
                0x0000000020000050        0x2 ./Core/Src/bmp180.o
                0x0000000020000050                uncompPressure
 *fill*         0x0000000020000052        0x2 
 .bss.pressure  0x0000000020000054        0x4 ./Core/Src/bmp180.o
                0x0000000020000054                pressure
 .bss.pX1       0x0000000020000058        0x4 ./Core/Src/bmp180.o
                0x0000000020000058                pX1
 .bss.pX2       0x000000002000005c        0x4 ./Core/Src/bmp180.o
                0x000000002000005c                pX2
 .bss.pX3       0x0000000020000060        0x4 ./Core/Src/bmp180.o
                0x0000000020000060                pX3
 .bss.pB3       0x0000000020000064        0x4 ./Core/Src/bmp180.o
                0x0000000020000064                pB3
 .bss.pB6       0x0000000020000068        0x4 ./Core/Src/bmp180.o
                0x0000000020000068                pB6
 .bss.pB4       0x000000002000006c        0x4 ./Core/Src/bmp180.o
                0x000000002000006c                pB4
 .bss.pB7       0x0000000020000070        0x4 ./Core/Src/bmp180.o
                0x0000000020000070                pB7
 .bss.hi2c1     0x0000000020000074       0x54 ./Core/Src/main.o
                0x0000000020000074                hi2c1
 .bss.uwTick    0x00000000200000c8        0x4 ./Drivers/STM32F4xx_HAL_Driver/Src/stm32f4xx_hal.o
                0x00000000200000c8                uwTick
 *(COMMON)
                0x00000000200000cc                . = ALIGN (0x4)
                0x00000000200000cc                _ebss = .
                0x00000000200000cc                __bss_end__ = _ebss

._user_heap_stack
                0x00000000200000cc      0x604
                0x00000000200000d0                . = ALIGN (0x8)
 *fill*         0x00000000200000cc        0x4 
                [!provide]                        PROVIDE (end = .)
                0x00000000200000d0                PROVIDE (_end = .)
                0x00000000200002d0                . = (. + _Min_Heap_Size)
 *fill*         0x00000000200000d0      0x200 
                0x00000000200006d0                . = (. + _Min_Stack_Size)
 *fill*         0x00000000200002d0      0x400 
                0x00000000200006d0                . = ALIGN (0x8)

/DISCARD/
 libc.a(*)
 libm.a(*)
 libgcc.a(*)

.ARM.attributes
                0x0000000000000000       0x30
 *(.ARM.attributes)
 .ARM.attributes
                0x0000000000000000       0x1e c:/st/stm32cubeide_1.12.0/stm32cubeide/plugins/com.st.stm32cube.ide.mcu.externaltools.gnu-tools-for-stm32.10.3-2021.10.win32_1.0.200.202301161003/tools/bin/../lib/gcc/arm-none-eabi/10.3.1/thumb/v7e-m+fp/hard/crti.o
 .ARM.attributes
                0x000000000000001e       0x34 c:/st/stm32cubeide_1.12.0/stm32cubeide/plugins/com.st.stm32cube.ide.mcu.externaltools.gnu-tools-for-stm32.10.3-2021.10.win32_1.0.200.202301161003/tools/bin/../lib/gcc/arm-none-eabi/10.3.1/thumb/v7e-m+fp/hard/crtbegin.o
 .ARM.attributes
                0x0000000000000052       0x34 ./Core/Src/bmp180.o
 .ARM.attributes
                0x0000000000000086       0x34 ./Core/Src/main.o
 .ARM.attributes
                0x00000000000000ba       0x34 ./Core/Src/stm32f4xx_hal_msp.o
 .ARM.attributes
                0x00000000000000ee       0x34 ./Core/Src/stm32f4xx_it.o
 .ARM.attributes
                0x0000000000000122       0x34 ./Core/Src/system_stm32f4xx.o
 .ARM.attributes
                0x0000000000000156       0x21 ./Core/Startup/startup_stm32f407vgtx.o
 .ARM.attributes
                0x0000000000000177       0x34 ./Drivers/STM32F4xx_HAL_Driver/Src/stm32f4xx_hal.o
 .ARM.attributes
                0x00000000000001ab       0x34 ./Drivers/STM32F4xx_HAL_Driver/Src/stm32f4xx_hal_cortex.o
 .ARM.attributes
                0x00000000000001df       0x34 ./Drivers/STM32F4xx_HAL_Driver/Src/stm32f4xx_hal_gpio.o
 .ARM.attributes
                0x0000000000000213       0x34 ./Drivers/STM32F4xx_HAL_Driver/Src/stm32f4xx_hal_i2c.o
 .ARM.attributes
                0x0000000000000247       0x34 ./Drivers/STM32F4xx_HAL_Driver/Src/stm32f4xx_hal_rcc.o
 .ARM.attributes
                0x000000000000027b       0x34 c:/st/stm32cubeide_1.12.0/stm32cubeide/plugins/com.st.stm32cube.ide.mcu.externaltools.gnu-tools-for-stm32.10.3-2021.10.win32_1.0.200.202301161003/tools/bin/../lib/gcc/arm-none-eabi/10.3.1/../../../../arm-none-eabi/lib/thumb/v7e-m+fp/hard\libc_nano.a(lib_a-init.o)
 .ARM.attributes
                0x00000000000002af       0x34 c:/st/stm32cubeide_1.12.0/stm32cubeide/plugins/com.st.stm32cube.ide.mcu.externaltools.gnu-tools-for-stm32.10.3-2021.10.win32_1.0.200.202301161003/tools/bin/../lib/gcc/arm-none-eabi/10.3.1/../../../../arm-none-eabi/lib/thumb/v7e-m+fp/hard\libc_nano.a(lib_a-memset.o)
 .ARM.attributes
                0x00000000000002e3       0x1e c:/st/stm32cubeide_1.12.0/stm32cubeide/plugins/com.st.stm32cube.ide.mcu.externaltools.gnu-tools-for-stm32.10.3-2021.10.win32_1.0.200.202301161003/tools/bin/../lib/gcc/arm-none-eabi/10.3.1/thumb/v7e-m+fp/hard\libgcc.a(_aeabi_uldivmod.o)
 .ARM.attributes
                0x0000000000000301       0x34 c:/st/stm32cubeide_1.12.0/stm32cubeide/plugins/com.st.stm32cube.ide.mcu.externaltools.gnu-tools-for-stm32.10.3-2021.10.win32_1.0.200.202301161003/tools/bin/../lib/gcc/arm-none-eabi/10.3.1/thumb/v7e-m+fp/hard\libgcc.a(_udivmoddi4.o)
 .ARM.attributes
                0x0000000000000335       0x1e c:/st/stm32cubeide_1.12.0/stm32cubeide/plugins/com.st.stm32cube.ide.mcu.externaltools.gnu-tools-for-stm32.10.3-2021.10.win32_1.0.200.202301161003/tools/bin/../lib/gcc/arm-none-eabi/10.3.1/thumb/v7e-m+fp/hard\libgcc.a(_dvmd_tls.o)
 .ARM.attributes
                0x0000000000000353       0x1e c:/st/stm32cubeide_1.12.0/stm32cubeide/plugins/com.st.stm32cube.ide.mcu.externaltools.gnu-tools-for-stm32.10.3-2021.10.win32_1.0.200.202301161003/tools/bin/../lib/gcc/arm-none-eabi/10.3.1/thumb/v7e-m+fp/hard/crtn.o
OUTPUT(011_HAL_BMP180.elf elf32-littlearm)
LOAD linker stubs
LOAD c:/st/stm32cubeide_1.12.0/stm32cubeide/plugins/com.st.stm32cube.ide.mcu.externaltools.gnu-tools-for-stm32.10.3-2021.10.win32_1.0.200.202301161003/tools/bin/../lib/gcc/arm-none-eabi/10.3.1/../../../../arm-none-eabi/lib/thumb/v7e-m+fp/hard\libc.a
LOAD c:/st/stm32cubeide_1.12.0/stm32cubeide/plugins/com.st.stm32cube.ide.mcu.externaltools.gnu-tools-for-stm32.10.3-2021.10.win32_1.0.200.202301161003/tools/bin/../lib/gcc/arm-none-eabi/10.3.1/../../../../arm-none-eabi/lib/thumb/v7e-m+fp/hard\libm.a
LOAD c:/st/stm32cubeide_1.12.0/stm32cubeide/plugins/com.st.stm32cube.ide.mcu.externaltools.gnu-tools-for-stm32.10.3-2021.10.win32_1.0.200.202301161003/tools/bin/../lib/gcc/arm-none-eabi/10.3.1/thumb/v7e-m+fp/hard\libgcc.a

.debug_info     0x0000000000000000     0x76b8
 .debug_info    0x0000000000000000      0xb15 ./Core/Src/bmp180.o
 .debug_info    0x0000000000000b15      0xce1 ./Core/Src/main.o
 .debug_info    0x00000000000017f6      0x9ec ./Core/Src/stm32f4xx_hal_msp.o
 .debug_info    0x00000000000021e2      0x121 ./Core/Src/stm32f4xx_it.o
 .debug_info    0x0000000000002303      0x523 ./Core/Src/system_stm32f4xx.o
 .debug_info    0x0000000000002826       0x22 ./Core/Startup/startup_stm32f407vgtx.o
 .debug_info    0x0000000000002848      0x97c ./Drivers/STM32F4xx_HAL_Driver/Src/stm32f4xx_hal.o
 .debug_info    0x00000000000031c4      0xe1b ./Drivers/STM32F4xx_HAL_Driver/Src/stm32f4xx_hal_cortex.o
 .debug_info    0x0000000000003fdf      0x76a ./Drivers/STM32F4xx_HAL_Driver/Src/stm32f4xx_hal_gpio.o
 .debug_info    0x0000000000004749     0x2609 ./Drivers/STM32F4xx_HAL_Driver/Src/stm32f4xx_hal_i2c.o
 .debug_info    0x0000000000006d52      0x966 ./Drivers/STM32F4xx_HAL_Driver/Src/stm32f4xx_hal_rcc.o

.debug_abbrev   0x0000000000000000     0x138d
 .debug_abbrev  0x0000000000000000      0x1d9 ./Core/Src/bmp180.o
 .debug_abbrev  0x00000000000001d9      0x247 ./Core/Src/main.o
 .debug_abbrev  0x0000000000000420      0x1a9 ./Core/Src/stm32f4xx_hal_msp.o
 .debug_abbrev  0x00000000000005c9       0x74 ./Core/Src/stm32f4xx_it.o
 .debug_abbrev  0x000000000000063d      0x116 ./Core/Src/system_stm32f4xx.o
 .debug_abbrev  0x0000000000000753       0x12 ./Core/Startup/startup_stm32f407vgtx.o
 .debug_abbrev  0x0000000000000765      0x20d ./Drivers/STM32F4xx_HAL_Driver/Src/stm32f4xx_hal.o
 .debug_abbrev  0x0000000000000972      0x316 ./Drivers/STM32F4xx_HAL_Driver/Src/stm32f4xx_hal_cortex.o
 .debug_abbrev  0x0000000000000c88      0x1c4 ./Drivers/STM32F4xx_HAL_Driver/Src/stm32f4xx_hal_gpio.o
 .debug_abbrev  0x0000000000000e4c      0x297 ./Drivers/STM32F4xx_HAL_Driver/Src/stm32f4xx_hal_i2c.o
 .debug_abbrev  0x00000000000010e3      0x2aa ./Drivers/STM32F4xx_HAL_Driver/Src/stm32f4xx_hal_rcc.o

.debug_aranges  0x0000000000000000      0x6f8
 .debug_aranges
                0x0000000000000000       0x50 ./Core/Src/bmp180.o
 .debug_aranges
                0x0000000000000050       0x40 ./Core/Src/main.o
 .debug_aranges
                0x0000000000000090       0x30 ./Core/Src/stm32f4xx_hal_msp.o
 .debug_aranges
                0x00000000000000c0       0x60 ./Core/Src/stm32f4xx_it.o
 .debug_aranges
                0x0000000000000120       0x28 ./Core/Src/system_stm32f4xx.o
 .debug_aranges
                0x0000000000000148       0x28 ./Core/Startup/startup_stm32f407vgtx.o
 .debug_aranges
                0x0000000000000170       0xf0 ./Drivers/STM32F4xx_HAL_Driver/Src/stm32f4xx_hal.o
 .debug_aranges
                0x0000000000000260      0x118 ./Drivers/STM32F4xx_HAL_Driver/Src/stm32f4xx_hal_cortex.o
 .debug_aranges
                0x0000000000000378       0x58 ./Drivers/STM32F4xx_HAL_Driver/Src/stm32f4xx_hal_gpio.o
 .debug_aranges
                0x00000000000003d0      0x2a0 ./Drivers/STM32F4xx_HAL_Driver/Src/stm32f4xx_hal_i2c.o
 .debug_aranges
                0x0000000000000670       0x88 ./Drivers/STM32F4xx_HAL_Driver/Src/stm32f4xx_hal_rcc.o

.debug_ranges   0x0000000000000000      0x668
 .debug_ranges  0x0000000000000000       0x40 ./Core/Src/bmp180.o
 .debug_ranges  0x0000000000000040       0x30 ./Core/Src/main.o
 .debug_ranges  0x0000000000000070       0x20 ./Core/Src/stm32f4xx_hal_msp.o
 .debug_ranges  0x0000000000000090       0x50 ./Core/Src/stm32f4xx_it.o
 .debug_ranges  0x00000000000000e0       0x18 ./Core/Src/system_stm32f4xx.o
 .debug_ranges  0x00000000000000f8       0x20 ./Core/Startup/startup_stm32f407vgtx.o
 .debug_ranges  0x0000000000000118       0xe0 ./Drivers/STM32F4xx_HAL_Driver/Src/stm32f4xx_hal.o
 .debug_ranges  0x00000000000001f8      0x108 ./Drivers/STM32F4xx_HAL_Driver/Src/stm32f4xx_hal_cortex.o
 .debug_ranges  0x0000000000000300       0x48 ./Drivers/STM32F4xx_HAL_Driver/Src/stm32f4xx_hal_gpio.o
 .debug_ranges  0x0000000000000348      0x2a8 ./Drivers/STM32F4xx_HAL_Driver/Src/stm32f4xx_hal_i2c.o
 .debug_ranges  0x00000000000005f0       0x78 ./Drivers/STM32F4xx_HAL_Driver/Src/stm32f4xx_hal_rcc.o

.debug_macro    0x0000000000000000    0x1f641
 .debug_macro   0x0000000000000000      0x1ec ./Core/Src/bmp180.o
 .debug_macro   0x00000000000001ec      0xa78 ./Core/Src/bmp180.o
 .debug_macro   0x0000000000000c64      0x295 ./Core/Src/bmp180.o
 .debug_macro   0x0000000000000ef9       0x2e ./Core/Src/bmp180.o
 .debug_macro   0x0000000000000f27       0x2f ./Core/Src/bmp180.o
 .debug_macro   0x0000000000000f56       0x22 ./Core/Src/bmp180.o
 .debug_macro   0x0000000000000f78       0x8e ./Core/Src/bmp180.o
 .debug_macro   0x0000000000001006       0x51 ./Core/Src/bmp180.o
 .debug_macro   0x0000000000001057      0x103 ./Core/Src/bmp180.o
 .debug_macro   0x000000000000115a       0x6a ./Core/Src/bmp180.o
 .debug_macro   0x00000000000011c4      0x1df ./Core/Src/bmp180.o
 .debug_macro   0x00000000000013a3       0x1c ./Core/Src/bmp180.o
 .debug_macro   0x00000000000013bf       0x22 ./Core/Src/bmp180.o
 .debug_macro   0x00000000000013e1       0xd9 ./Core/Src/bmp180.o
 .debug_macro   0x00000000000014ba     0x102d ./Core/Src/bmp180.o
 .debug_macro   0x00000000000024e7      0x11f ./Core/Src/bmp180.o
 .debug_macro   0x0000000000002606    0x15e82 ./Core/Src/bmp180.o
 .debug_macro   0x0000000000018488       0x6d ./Core/Src/bmp180.o
 .debug_macro   0x00000000000184f5     0x367e ./Core/Src/bmp180.o
 .debug_macro   0x000000000001bb73      0x174 ./Core/Src/bmp180.o
 .debug_macro   0x000000000001bce7       0x5c ./Core/Src/bmp180.o
 .debug_macro   0x000000000001bd43      0x96b ./Core/Src/bmp180.o
 .debug_macro   0x000000000001c6ae      0x9fe ./Core/Src/bmp180.o
 .debug_macro   0x000000000001d0ac      0x115 ./Core/Src/bmp180.o
 .debug_macro   0x000000000001d1c1      0x13e ./Core/Src/bmp180.o
 .debug_macro   0x000000000001d2ff       0xa5 ./Core/Src/bmp180.o
 .debug_macro   0x000000000001d3a4      0x174 ./Core/Src/bmp180.o
 .debug_macro   0x000000000001d518      0x287 ./Core/Src/bmp180.o
 .debug_macro   0x000000000001d79f       0x5f ./Core/Src/bmp180.o
 .debug_macro   0x000000000001d7fe      0x236 ./Core/Src/bmp180.o
 .debug_macro   0x000000000001da34      0x12c ./Core/Src/bmp180.o
 .debug_macro   0x000000000001db60      0x21e ./Core/Src/bmp180.o
 .debug_macro   0x000000000001dd7e       0x2e ./Core/Src/bmp180.o
 .debug_macro   0x000000000001ddac      0x1b5 ./Core/Src/bmp180.o
 .debug_macro   0x000000000001df61       0xd6 ./Core/Src/bmp180.o
 .debug_macro   0x000000000001e037      0x11a ./Core/Src/bmp180.o
 .debug_macro   0x000000000001e151       0x7e ./Core/Src/bmp180.o
 .debug_macro   0x000000000001e1cf       0x89 ./Core/Src/bmp180.o
 .debug_macro   0x000000000001e258      0x12d ./Core/Src/bmp180.o
 .debug_macro   0x000000000001e385      0x1e3 ./Core/Src/main.o
 .debug_macro   0x000000000001e568      0x190 ./Core/Src/main.o
 .debug_macro   0x000000000001e6f8      0x1d9 ./Core/Src/stm32f4xx_hal_msp.o
 .debug_macro   0x000000000001e8d1      0x1e3 ./Core/Src/stm32f4xx_it.o
 .debug_macro   0x000000000001eab4      0x1ca ./Core/Src/system_stm32f4xx.o
 .debug_macro   0x000000000001ec7e      0x22a ./Drivers/STM32F4xx_HAL_Driver/Src/stm32f4xx_hal.o
 .debug_macro   0x000000000001eea8      0x1ca ./Drivers/STM32F4xx_HAL_Driver/Src/stm32f4xx_hal_cortex.o
 .debug_macro   0x000000000001f072      0x1d0 ./Drivers/STM32F4xx_HAL_Driver/Src/stm32f4xx_hal_gpio.o
 .debug_macro   0x000000000001f242      0x211 ./Drivers/STM32F4xx_HAL_Driver/Src/stm32f4xx_hal_i2c.o
 .debug_macro   0x000000000001f453      0x1ee ./Drivers/STM32F4xx_HAL_Driver/Src/stm32f4xx_hal_rcc.o

.debug_line     0x0000000000000000     0x8f11
 .debug_line    0x0000000000000000      0x972 ./Core/Src/bmp180.o
 .debug_line    0x0000000000000972      0x84f ./Core/Src/main.o
 .debug_line    0x00000000000011c1      0x6fa ./Core/Src/stm32f4xx_hal_msp.o
 .debug_line    0x00000000000018bb      0x76e ./Core/Src/stm32f4xx_it.o
 .debug_line    0x0000000000002029      0x72d ./Core/Src/system_stm32f4xx.o
 .debug_line    0x0000000000002756       0x88 ./Core/Startup/startup_stm32f407vgtx.o
 .debug_line    0x00000000000027de      0x993 ./Drivers/STM32F4xx_HAL_Driver/Src/stm32f4xx_hal.o
 .debug_line    0x0000000000003171      0xc42 ./Drivers/STM32F4xx_HAL_Driver/Src/stm32f4xx_hal_cortex.o
 .debug_line    0x0000000000003db3      0xb07 ./Drivers/STM32F4xx_HAL_Driver/Src/stm32f4xx_hal_gpio.o
 .debug_line    0x00000000000048ba     0x3948 ./Drivers/STM32F4xx_HAL_Driver/Src/stm32f4xx_hal_i2c.o
 .debug_line    0x0000000000008202      0xd0f ./Drivers/STM32F4xx_HAL_Driver/Src/stm32f4xx_hal_rcc.o

.debug_str      0x0000000000000000    0xbee78
 .debug_str     0x0000000000000000    0xbc68c ./Core/Src/bmp180.o
                                      0xbc95c (size before relaxing)
 .debug_str     0x00000000000bc68c      0x95d ./Core/Src/main.o
                                      0xbd0ff (size before relaxing)
 .debug_str     0x00000000000bcfe9       0x80 ./Core/Src/stm32f4xx_hal_msp.o
                                      0xbcf08 (size before relaxing)
 .debug_str     0x00000000000bd069       0xc9 ./Core/Src/stm32f4xx_it.o
                                      0xbc8d3 (size before relaxing)
 .debug_str     0x00000000000bd132       0xdb ./Core/Src/system_stm32f4xx.o
                                      0xbc398 (size before relaxing)
 .debug_str     0x00000000000bd20d       0x36 ./Core/Startup/startup_stm32f407vgtx.o
                                         0x78 (size before relaxing)
 .debug_str     0x00000000000bd243      0xae0 ./Drivers/STM32F4xx_HAL_Driver/Src/stm32f4xx_hal.o
                                      0xbcf1c (size before relaxing)
 .debug_str     0x00000000000bdd23      0x34a ./Drivers/STM32F4xx_HAL_Driver/Src/stm32f4xx_hal_cortex.o
                                      0xbcc4f (size before relaxing)
 .debug_str     0x00000000000be06d      0x11c ./Drivers/STM32F4xx_HAL_Driver/Src/stm32f4xx_hal_gpio.o
                                      0xbc513 (size before relaxing)
 .debug_str     0x00000000000be189      0xadc ./Drivers/STM32F4xx_HAL_Driver/Src/stm32f4xx_hal_i2c.o
                                      0xbd363 (size before relaxing)
 .debug_str     0x00000000000bec65      0x213 ./Drivers/STM32F4xx_HAL_Driver/Src/stm32f4xx_hal_rcc.o
                                      0xbc7cc (size before relaxing)

.comment        0x0000000000000000       0x50
 .comment       0x0000000000000000       0x50 ./Core/Src/bmp180.o
                                         0x51 (size before relaxing)
 .comment       0x0000000000000050       0x51 ./Core/Src/main.o
 .comment       0x0000000000000050       0x51 ./Core/Src/stm32f4xx_hal_msp.o
 .comment       0x0000000000000050       0x51 ./Core/Src/stm32f4xx_it.o
 .comment       0x0000000000000050       0x51 ./Core/Src/system_stm32f4xx.o
 .comment       0x0000000000000050       0x51 ./Drivers/STM32F4xx_HAL_Driver/Src/stm32f4xx_hal.o
 .comment       0x0000000000000050       0x51 ./Drivers/STM32F4xx_HAL_Driver/Src/stm32f4xx_hal_cortex.o
 .comment       0x0000000000000050       0x51 ./Drivers/STM32F4xx_HAL_Driver/Src/stm32f4xx_hal_gpio.o
 .comment       0x0000000000000050       0x51 ./Drivers/STM32F4xx_HAL_Driver/Src/stm32f4xx_hal_i2c.o
 .comment       0x0000000000000050       0x51 ./Drivers/STM32F4xx_HAL_Driver/Src/stm32f4xx_hal_rcc.o

.debug_frame    0x0000000000000000     0x1bcc
 .debug_frame   0x0000000000000000       0xf4 ./Core/Src/bmp180.o
 .debug_frame   0x00000000000000f4       0xac ./Core/Src/main.o
 .debug_frame   0x00000000000001a0       0x7c ./Core/Src/stm32f4xx_hal_msp.o
 .debug_frame   0x000000000000021c      0x104 ./Core/Src/stm32f4xx_it.o
 .debug_frame   0x0000000000000320       0x58 ./Core/Src/system_stm32f4xx.o
 .debug_frame   0x0000000000000378      0x374 ./Drivers/STM32F4xx_HAL_Driver/Src/stm32f4xx_hal.o
 .debug_frame   0x00000000000006ec      0x498 ./Drivers/STM32F4xx_HAL_Driver/Src/stm32f4xx_hal_cortex.o
 .debug_frame   0x0000000000000b84      0x14c ./Drivers/STM32F4xx_HAL_Driver/Src/stm32f4xx_hal_gpio.o
 .debug_frame   0x0000000000000cd0      0xc5c ./Drivers/STM32F4xx_HAL_Driver/Src/stm32f4xx_hal_i2c.o
 .debug_frame   0x000000000000192c      0x1f4 ./Drivers/STM32F4xx_HAL_Driver/Src/stm32f4xx_hal_rcc.o
 .debug_frame   0x0000000000001b20       0x2c c:/st/stm32cubeide_1.12.0/stm32cubeide/plugins/com.st.stm32cube.ide.mcu.externaltools.gnu-tools-for-stm32.10.3-2021.10.win32_1.0.200.202301161003/tools/bin/../lib/gcc/arm-none-eabi/10.3.1/../../../../arm-none-eabi/lib/thumb/v7e-m+fp/hard\libc_nano.a(lib_a-init.o)
 .debug_frame   0x0000000000001b4c       0x20 c:/st/stm32cubeide_1.12.0/stm32cubeide/plugins/com.st.stm32cube.ide.mcu.externaltools.gnu-tools-for-stm32.10.3-2021.10.win32_1.0.200.202301161003/tools/bin/../lib/gcc/arm-none-eabi/10.3.1/../../../../arm-none-eabi/lib/thumb/v7e-m+fp/hard\libc_nano.a(lib_a-memset.o)
 .debug_frame   0x0000000000001b6c       0x2c c:/st/stm32cubeide_1.12.0/stm32cubeide/plugins/com.st.stm32cube.ide.mcu.externaltools.gnu-tools-for-stm32.10.3-2021.10.win32_1.0.200.202301161003/tools/bin/../lib/gcc/arm-none-eabi/10.3.1/thumb/v7e-m+fp/hard\libgcc.a(_aeabi_uldivmod.o)
 .debug_frame   0x0000000000001b98       0x34 c:/st/stm32cubeide_1.12.0/stm32cubeide/plugins/com.st.stm32cube.ide.mcu.externaltools.gnu-tools-for-stm32.10.3-2021.10.win32_1.0.200.202301161003/tools/bin/../lib/gcc/arm-none-eabi/10.3.1/thumb/v7e-m+fp/hard\libgcc.a(_udivmoddi4.o)
